ARM Linker, 5.03 [Build 76] [MDK-ARM Lite]

==============================================================================

Section Cross References

    startup.o(STACK) refers (Special) to heapauxi.o(.text) for __use_two_region_memory
    startup.o(HEAP) refers (Special) to heapauxi.o(.text) for __use_two_region_memory
    startup.o(RESET) refers (Special) to heapauxi.o(.text) for __use_two_region_memory
    startup.o(RESET) refers to startup.o(STACK) for StackMem
    startup.o(RESET) refers to spaceinvaders.o(i.GPIOPortB_Handler) for GPIOPortB_Handler
    startup.o(RESET) refers to spaceinvaders.o(i.Timer2A_Handler) for Timer2A_Handler
    startup.o(RESET) refers to spaceinvaders.o(i.GPIOPortF_Handler) for GPIOPortF_Handler
    startup.o(RESET) refers to texas.o(i.Timer4A_Handler) for Timer4A_Handler
    startup.o(RESET) refers to texas.o(i.Timer5A_Handler) for Timer5A_Handler
    startup.o(RESET) refers to __main.o(!!!main) for __main
    startup.o(.text) refers (Special) to heapauxi.o(.text) for __use_two_region_memory
    startup.o(.text) refers to startup.o(HEAP) for HeapMem
    startup.o(.text) refers to startup.o(STACK) for StackMem
    nokia5110.o(i.Nokia5110_Clear) refers to nokia5110.o(i.lcdwrite) for lcdwrite
    nokia5110.o(i.Nokia5110_Clear) refers to nokia5110.o(i.Nokia5110_SetCursor) for Nokia5110_SetCursor
    nokia5110.o(i.Nokia5110_ClearBuffer) refers to nokia5110.o(.bss) for Screen
    nokia5110.o(i.Nokia5110_DisplayBuffer) refers to nokia5110.o(i.Nokia5110_DrawFullImage) for Nokia5110_DrawFullImage
    nokia5110.o(i.Nokia5110_DisplayBuffer) refers to nokia5110.o(.bss) for Screen
    nokia5110.o(i.Nokia5110_DrawFullImage) refers to nokia5110.o(i.Nokia5110_SetCursor) for Nokia5110_SetCursor
    nokia5110.o(i.Nokia5110_DrawFullImage) refers to nokia5110.o(i.lcdwrite) for lcdwrite
    nokia5110.o(i.Nokia5110_Init) refers to nokia5110.o(i.lcdwrite) for lcdwrite
    nokia5110.o(i.Nokia5110_OutChar) refers to nokia5110.o(i.lcdwrite) for lcdwrite
    nokia5110.o(i.Nokia5110_OutChar) refers to nokia5110.o(.constdata) for ASCII
    nokia5110.o(i.Nokia5110_OutString) refers to nokia5110.o(i.Nokia5110_OutChar) for Nokia5110_OutChar
    nokia5110.o(i.Nokia5110_OutUDec) refers to nokia5110.o(i.Nokia5110_OutString) for Nokia5110_OutString
    nokia5110.o(i.Nokia5110_OutUDec) refers to nokia5110.o(i.Nokia5110_OutChar) for Nokia5110_OutChar
    nokia5110.o(i.Nokia5110_PrintBMP) refers to nokia5110.o(.bss) for Screen
    nokia5110.o(i.Nokia5110_SetCursor) refers to nokia5110.o(i.lcdwrite) for lcdwrite
    random.o(.text) refers to random.o(DATA) for M
    spaceinvaders.o(i.AdjustGameSpeed) refers to spaceinvaders.o(i.Timer2_Init) for Timer2_Init
    spaceinvaders.o(i.AdjustGameSpeed) refers to spaceinvaders.o(i.getPotentiometerReading) for getPotentiometerReading
    spaceinvaders.o(i.AdjustGameSpeed) refers to spaceinvaders.o(.data) for temp
    spaceinvaders.o(i.GPIOPortB_Handler) refers to spaceinvaders.o(.data) for start
    spaceinvaders.o(i.GPIOPortF_Handler) refers to spaceinvaders.o(.data) for start
    spaceinvaders.o(i.GetTemperature) refers to dflt_clz.o(x$fpl$dflt) for __aeabi_i2d
    spaceinvaders.o(i.GetTemperature) refers to dmul.o(x$fpl$dmul) for __aeabi_dmul
    spaceinvaders.o(i.GetTemperature) refers to daddsub_clz.o(x$fpl$drsb) for __aeabi_drsub
    spaceinvaders.o(i.GetTemperature) refers to spaceinvaders.o(.data) for result
    spaceinvaders.o(i.Timer2A_Handler) refers to _printf_percent.o(.ARM.Collect$$_printf_percent$$00000000) for _printf_percent
    spaceinvaders.o(i.Timer2A_Handler) refers to _printf_f.o(.ARM.Collect$$_printf_percent$$00000003) for _printf_f
    spaceinvaders.o(i.Timer2A_Handler) refers to printf1.o(x$fpl$printf1) for _printf_fp_dec
    spaceinvaders.o(i.Timer2A_Handler) refers to nokia5110.o(i.Nokia5110_ClearBuffer) for Nokia5110_ClearBuffer
    spaceinvaders.o(i.Timer2A_Handler) refers to spaceinvaders.o(i.GetTemperature) for GetTemperature
    spaceinvaders.o(i.Timer2A_Handler) refers to nokia5110.o(i.Nokia5110_PrintBMP) for Nokia5110_PrintBMP
    spaceinvaders.o(i.Timer2A_Handler) refers to rand.o(.emb_text) for rand
    spaceinvaders.o(i.Timer2A_Handler) refers to nokia5110.o(i.Nokia5110_DisplayBuffer) for Nokia5110_DisplayBuffer
    spaceinvaders.o(i.Timer2A_Handler) refers to nokia5110.o(i.Nokia5110_SetCursor) for Nokia5110_SetCursor
    spaceinvaders.o(i.Timer2A_Handler) refers to ddiv.o(x$fpl$ddiv) for __aeabi_ddiv
    spaceinvaders.o(i.Timer2A_Handler) refers to noretval__2sprintf.o(.text) for __2sprintf
    spaceinvaders.o(i.Timer2A_Handler) refers to nokia5110.o(i.Nokia5110_OutString) for Nokia5110_OutString
    spaceinvaders.o(i.Timer2A_Handler) refers to spaceinvaders.o(.data) for f1
    spaceinvaders.o(i.Timer2A_Handler) refers to spaceinvaders.o(.constdata) for car
    spaceinvaders.o(i.Timer2A_Handler) refers to spaceinvaders.o(.bss) for buffer
    spaceinvaders.o(i.getPotentiometerReading) refers to dflt_clz.o(x$fpl$dflt) for __aeabi_i2d
[...]
    rtentry4.o(.ARM.Collect$$rtentry$$00000004) refers to sys_stackheap_outer.o(.text) for __user_setup_stackheap
    rtentry4.o(.ARM.exidx) refers to rtentry4.o(.ARM.Collect$$rtentry$$00000004) for .ARM.Collect$$rtentry$$00000004
    rt_locale.o(.text) refers to rt_locale.o(.bss) for __rt_locale_data
    rt_locale_intlibspace.o(.text) refers to libspace.o(.bss) for __libspace_start
    bigflt0.o(.text) refers (Special) to usenofp.o(x$fpl$usenofp) for __I$use$fp
    bigflt0.o(.text) refers to btod.o(CL$$btod_emul) for _btod_emul
    bigflt0.o(.text) refers to btod.o(CL$$btod_ediv) for _btod_ediv
    bigflt0.o(.text) refers to bigflt0.o(.constdata) for .constdata
    bigflt0.o(.constdata) refers (Special) to usenofp.o(x$fpl$usenofp) for __I$use$fp
    btod.o(CL$$btod_d2e) refers (Special) to usenofp.o(x$fpl$usenofp) for __I$use$fp
    btod.o(CL$$btod_d2e) refers to btod.o(CL$$btod_d2e_norm_op1) for _d2e_norm_op1
    btod.o(CL$$btod_d2e_norm_op1) refers (Special) to usenofp.o(x$fpl$usenofp) for __I$use$fp
    btod.o(CL$$btod_d2e_norm_op1) refers to btod.o(CL$$btod_d2e_denorm_low) for _d2e_denorm_low
    btod.o(CL$$btod_d2e_denorm_low) refers (Special) to usenofp.o(x$fpl$usenofp) for __I$use$fp
    btod.o(CL$$btod_emul) refers (Special) to usenofp.o(x$fpl$usenofp) for __I$use$fp
    btod.o(CL$$btod_emul) refers to btod.o(CL$$btod_mult_common) for __btod_mult_common
    btod.o(CL$$btod_emul) refers to btod.o(CL$$btod_e2e) for _e2e
    btod.o(CL$$btod_ediv) refers (Special) to usenofp.o(x$fpl$usenofp) for __I$use$fp
    btod.o(CL$$btod_ediv) refers to btod.o(CL$$btod_div_common) for __btod_div_common
    btod.o(CL$$btod_ediv) refers to btod.o(CL$$btod_e2e) for _e2e
    btod.o(CL$$btod_emuld) refers (Special) to usenofp.o(x$fpl$usenofp) for __I$use$fp
    btod.o(CL$$btod_emuld) refers to btod.o(CL$$btod_mult_common) for __btod_mult_common
    btod.o(CL$$btod_emuld) refers to btod.o(CL$$btod_e2d) for _e2d
    btod.o(CL$$btod_edivd) refers (Special) to usenofp.o(x$fpl$usenofp) for __I$use$fp
    btod.o(CL$$btod_edivd) refers to btod.o(CL$$btod_div_common) for __btod_div_common
    btod.o(CL$$btod_edivd) refers to btod.o(CL$$btod_e2d) for _e2d
    btod.o(CL$$btod_e2e) refers (Special) to usenofp.o(x$fpl$usenofp) for __I$use$fp
    btod.o(CL$$btod_e2d) refers (Special) to usenofp.o(x$fpl$usenofp) for __I$use$fp
    btod.o(CL$$btod_e2d) refers to btod.o(CL$$btod_e2e) for _e2e
    btod.o(CL$$btod_mult_common) refers (Special) to usenofp.o(x$fpl$usenofp) for __I$use$fp
    btod.o(CL$$btod_div_common) refers (Special) to usenofp.o(x$fpl$usenofp) for __I$use$fp
    lc_numeric_c.o(locale$$data) refers (Special) to libinit2.o(.ARM.Collect$$libinit$$00000014) for __rt_lib_init_lc_numeric_2
    lc_numeric_c.o(locale$$code) refers (Special) to libinit2.o(.ARM.Collect$$libinit$$00000014) for __rt_lib_init_lc_numeric_2
    lc_numeric_c.o(locale$$code) refers to strcmpv7m.o(.text) for strcmp
    lc_numeric_c.o(locale$$code) refers to lc_numeric_c.o(locale$$data) for __lcnum_c_name
    argv_veneer.o(.emb_text) refers to no_argv.o(.text) for __ARM_get_argv
    istatus.o(x$fpl$ieeestatus) refers (Special) to usenofp.o(x$fpl$usenofp) for __I$use$fp
    fpclassify.o(i.__ARM_fpclassify) refers (Special) to usenofp.o(x$fpl$usenofp) for __I$use$fp
    libspace.o(.text) refers to libspace.o(.bss) for __libspace_start
    sys_stackheap_outer.o(.text) refers to libspace.o(.text) for __user_perproc_libspace
    sys_stackheap_outer.o(.text) refers to startup.o(.text) for __user_initial_stackheap
    exit.o(.text) refers to rtexit.o(.ARM.Collect$$rtexit$$00000000) for __rt_exit
    _get_argv_nomalloc.o(.text) refers (Special) to hrguard.o(.text) for __heap_region$guard
    _get_argv_nomalloc.o(.text) refers to defsig_rtmem_outer.o(.text) for __rt_SIGRTMEM
    _get_argv_nomalloc.o(.text) refers to sys_command.o(.text) for _sys_command_string
    libinit.o(.ARM.Collect$$libinit$$00000000) refers (Special) to libinit2.o(.ARM.Collect$$libinit$$0000002C) for __rt_lib_init_alloca_1
    libinit.o(.ARM.Collect$$libinit$$00000000) refers (Special) to libinit2.o(.ARM.Collect$$libinit$$0000002A) for __rt_lib_init_argv_1
    libinit.o(.ARM.Collect$$libinit$$00000000) refers (Special) to libinit2.o(.ARM.Collect$$libinit$$00000019) for __rt_lib_init_atexit_1
    libinit.o(.ARM.Collect$$libinit$$00000000) refers (Special) to libinit2.o(.ARM.Collect$$libinit$$0000001F) for __rt_lib_init_clock_1
    libinit.o(.ARM.Collect$$libinit$$00000000) refers (Special) to libinit2.o(.ARM.Collect$$libinit$$00000030) for __rt_lib_init_cpp_1
    libinit.o(.ARM.Collect$$libinit$$00000000) refers (Special) to libinit2.o(.ARM.Collect$$libinit$$0000002E) for __rt_lib_init_exceptions_1
    libinit.o(.ARM.Collect$$libinit$$00000000) refers (Special) to libinit2.o(.ARM.Collect$$libinit$$00000002) for __rt_lib_init_fp_1
    libinit.o(.ARM.Collect$$libinit$$00000000) refers (Special) to libinit2.o(.ARM.Collect$$libinit$$0000001D) for __rt_lib_init_fp_trap_1
    libinit.o(.ARM.Collect$$libinit$$00000000) refers (Special) to libinit2.o(.ARM.Collect$$libinit$$00000021) for __rt_lib_init_getenv_1
    libinit.o(.ARM.Collect$$libinit$$00000000) refers (Special) to libinit2.o(.ARM.Collect$$libinit$$00000008) for __rt_lib_init_heap_1
    libinit.o(.ARM.Collect$$libinit$$00000000) refers (Special) to libinit2.o(.ARM.Collect$$libinit$$0000000F) for __rt_lib_init_lc_collate_1
    libinit.o(.ARM.Collect$$libinit$$00000000) refers (Special) to libinit2.o(.ARM.Collect$$libinit$$00000011) for __rt_lib_init_lc_ctype_1
    libinit.o(.ARM.Collect$$libinit$$00000000) refers (Special) to libinit2.o(.ARM.Collect$$libinit$$00000013) for __rt_lib_init_lc_monetary_1
    libinit.o(.ARM.Collect$$libinit$$00000000) refers (Special) to libinit2.o(.ARM.Collect$$libinit$$00000015) for __rt_lib_init_lc_numeric_1
    libinit.o(.ARM.Collect$$libinit$$00000000) refers (Special) to libinit2.o(.ARM.Collect$$libinit$$00000017) for __rt_lib_init_lc_time_1
    libinit.o(.ARM.Collect$$libinit$$00000000) refers (Special) to libinit2.o(.ARM.Collect$$libinit$$0000000C) for __rt_lib_init_rand_1
    libinit.o(.ARM.Collect$$libinit$$00000000) refers (Special) to libinit2.o(.ARM.Collect$$libinit$$00000031) for __rt_lib_init_return
    libinit.o(.ARM.Collect$$libinit$$00000000) refers (Special) to libinit2.o(.ARM.Collect$$libinit$$0000001B) for __rt_lib_init_signal_1
    libinit.o(.ARM.Collect$$libinit$$00000000) refers (Special) to libinit2.o(.ARM.Collect$$libinit$$00000023) for __rt_lib_init_stdio_1
    libinit.o(.ARM.Collect$$libinit$$00000000) refers (Special) to libinit2.o(.ARM.Collect$$libinit$$0000000A) for __rt_lib_init_user_alloc_1
    sys_command.o(.text) refers (Special) to use_no_semi.o(.text) for __I$use$semihosting
    sys_command.o(.text) refers (Special) to indicate_semi.o(.text) for __semihosting_library_function
    rtexit.o(.ARM.Collect$$rtexit$$00000000) refers (Special) to rtexit2.o(.ARM.Collect$$rtexit$$00000004) for __rt_exit_exit
    rtexit.o(.ARM.Collect$$rtexit$$00000000) refers (Special) to rtexit2.o(.ARM.Collect$$rtexit$$00000003) for __rt_exit_ls
    rtexit.o(.ARM.Collect$$rtexit$$00000000) refers (Special) to rtexit2.o(.ARM.Collect$$rtexit$$00000002) for __rt_exit_prels_1
    rtexit.o(.ARM.exidx) refers (Special) to rtexit2.o(.ARM.Collect$$rtexit$$00000004) for __rt_exit_exit
    rtexit.o(.ARM.exidx) refers (Special) to rtexit2.o(.ARM.Collect$$rtexit$$00000003) for __rt_exit_ls
    rtexit.o(.ARM.exidx) refers (Special) to rtexit2.o(.ARM.Collect$$rtexit$$00000002) for __rt_exit_prels_1
    rtexit.o(.ARM.exidx) refers to rtexit.o(.ARM.Collect$$rtexit$$00000000) for .ARM.Collect$$rtexit$$00000000
    defsig_rtmem_outer.o(.text) refers to defsig_rtmem_inner.o(.text) for __rt_SIGRTMEM_inner
    defsig_rtmem_outer.o(.text) refers to defsig_exit.o(.text) for __sig_exit
    defsig_rtmem_formal.o(.text) refers to rt_raise.o(.text) for __rt_raise
    rtexit2.o(.ARM.Collect$$rtexit$$00000003) refers to libshutdown.o(.ARM.Collect$$libshutdown$$00000000) for __rt_lib_shutdown
    rtexit2.o(.ARM.Collect$$rtexit$$00000004) refers to sys_exit.o(.text) for _sys_exit
    rtexit2.o(.ARM.exidx) refers to rtexit2.o(.ARM.Collect$$rtexit$$00000001) for .ARM.Collect$$rtexit$$00000001
    rtexit2.o(.ARM.exidx) refers to rtexit2.o(.ARM.Collect$$rtexit$$00000003) for .ARM.Collect$$rtexit$$00000003
    rtexit2.o(.ARM.exidx) refers to rtexit2.o(.ARM.Collect$$rtexit$$00000004) for .ARM.Collect$$rtexit$$00000004
    rt_raise.o(.text) refers to __raise.o(.text) for __raise
    rt_raise.o(.text) refers to sys_exit.o(.text) for _sys_exit
    defsig_exit.o(.text) refers to sys_exit.o(.text) for _sys_exit
    defsig_rtmem_inner.o(.text) refers to defsig_general.o(.text) for __default_signal_display
    sys_exit.o(.text) refers (Special) to use_no_semi.o(.text) for __I$use$semihosting
    sys_exit.o(.text) refers (Special) to indicate_semi.o(.text) for __semihosting_library_function
    __raise.o(.text) refers to defsig.o(CL$$defsig) for __default_signal_handler
    defsig_general.o(.text) refers to sys_wrch.o(.text) for _ttywrch
    libshutdown.o(.ARM.Collect$$libshutdown$$00000000) refers (Special) to libshutdown2.o(.ARM.Collect$$libshutdown$$00000006) for __rt_lib_shutdown_fp_trap_1
    libshutdown.o(.ARM.Collect$$libshutdown$$00000000) refers (Special) to libshutdown2.o(.ARM.Collect$$libshutdown$$0000000E) for __rt_lib_shutdown_heap_1
    libshutdown.o(.ARM.Collect$$libshutdown$$00000000) refers (Special) to libshutdown2.o(.ARM.Collect$$libshutdown$$0000000F) for __rt_lib_shutdown_return
    libshutdown.o(.ARM.Collect$$libshutdown$$00000000) refers (Special) to libshutdown2.o(.ARM.Collect$$libshutdown$$00000009) for __rt_lib_shutdown_signal_1
    libshutdown.o(.ARM.Collect$$libshutdown$$00000000) refers (Special) to libshutdown2.o(.ARM.Collect$$libshutdown$$00000003) for __rt_lib_shutdown_stdio_1
    libshutdown.o(.ARM.Collect$$libshutdown$$00000000) refers (Special) to libshutdown2.o(.ARM.Collect$$libshutdown$$0000000B) for __rt_lib_shutdown_user_alloc_1
    sys_wrch.o(.text) refers (Special) to use_no_semi.o(.text) for __I$use$semihosting
    sys_wrch.o(.text) refers (Special) to indicate_semi.o(.text) for __semihosting_library_function
    defsig.o(CL$$defsig) refers to defsig_rtmem_inner.o(.text) for __rt_SIGRTMEM_inner
    defsig_abrt_inner.o(.text) refers to defsig_general.o(.text) for __default_signal_display
    defsig_fpe_inner.o(.text) refers to defsig_general.o(.text) for __default_signal_display
    defsig_rtred_inner.o(.text) refers to defsig_general.o(.text) for __default_signal_display
    defsig_stak_inner.o(.text) refers to defsig_general.o(.text) for __default_signal_display
    defsig_pvfn_inner.o(.text) refers to defsig_general.o(.text) for __default_signal_display
    defsig_cppl_inner.o(.text) refers to defsig_general.o(.text) for __default_signal_display
    defsig_segv_inner.o(.text) refers to defsig_general.o(.text) for __default_signal_display
    defsig_other.o(.text) refers to defsig_general.o(.text) for __default_signal_display


==============================================================================

Removing Unused input sections from the image.

    Removing spaceinvaders.o(i.Delay100ms), (32 bytes).
    Removing texas.o(i.SetMode), (24 bytes).
    Removing texas.o(i.StartTimer4), (36 bytes).
    Removing texas.o(i.StopTimer4), (24 bytes).
    Removing texas.o(i.TExaS_Stop), (28 bytes).
    Removing texas.o(i.UART0_InChar), (24 bytes).
    Removing texas.o(i.UART0_InCharNonBlocking), (28 bytes).
    Removing texas.o(i.UART0_OutChar), (24 bytes).
    Removing texas.o(i.UART0_OutCharNonBlock), (12 bytes).
    Removing texas.o(i.copy), (18 bytes).

10 unused section(s) (total 250 bytes) removed from the image.

==============================================================================

Image Symbol Table

    Local Symbols

    Symbol Name                              Value     Ov Type        Size  Object(Section)

    RESET                                    0x00000000   Section      644  startup.o(RESET)
    ../clib/angel/boardlib.s                 0x00000000   Number         0  boardinit1.o ABSOLUTE
    ../clib/angel/boardlib.s                 0x00000000   Number         0  boardinit2.o ABSOLUTE
    ../clib/angel/boardlib.s                 0x00000000   Number         0  boardinit3.o ABSOLUTE
    ../clib/angel/boardlib.s                 0x00000000   Number         0  boardshut.o ABSOLUTE
    ../clib/angel/handlers.s                 0x00000000   Number         0  __scatter_zi.o ABSOLUTE
    ../clib/angel/handlers.s                 0x00000000   Number         0  __scatter_copy.o ABSOLUTE
    ../clib/angel/kernel.s                   0x00000000   Number         0  rtexit.o ABSOLUTE
    ../clib/angel/kernel.s                   0x00000000   Number         0  rtentry.o ABSOLUTE
    ../clib/angel/kernel.s                   0x00000000   Number         0  rtentry4.o ABSOLUTE
    ../clib/angel/kernel.s                   0x00000000   Number         0  rtentry2.o ABSOLUTE
    ../clib/angel/kernel.s                   0x00000000   Number         0  rtexit2.o ABSOLUTE
    ../clib/angel/rt.s                       0x00000000   Number         0  rt_locale_intlibspace.o ABSOLUTE
    ../clib/angel/rt.s                       0x00000000   Number         0  rt_locale.o ABSOLUTE
    ../clib/angel/rt.s                       0x00000000   Number         0  rt_raise.o ABSOLUTE
    ../clib/angel/scatter.s                  0x00000000   Number         0  __scatter.o ABSOLUTE
    ../clib/angel/startup.s                  0x00000000   Number         0  __main.o ABSOLUTE
    ../clib/angel/sys.s                      0x00000000   Number         0  sys_stackheap_outer.o ABSOLUTE
    ../clib/angel/sys.s                      0x00000000   Number         0  use_no_semi.o ABSOLUTE
    ../clib/angel/sys.s                      0x00000000   Number         0  libspace.o ABSOLUTE
    ../clib/angel/sys.s                      0x00000000   Number         0  indicate_semi.o ABSOLUTE
    ../clib/angel/sysapp.c                   0x00000000   Number         0  sys_command.o ABSOLUTE
    ../clib/angel/sysapp.c                   0x00000000   Number         0  sys_wrch.o ABSOLUTE
    ../clib/angel/sysapp.c                   0x00000000   Number         0  sys_exit.o ABSOLUTE
    ../clib/armsys.c                         0x00000000   Number         0  _get_argv_nomalloc.o ABSOLUTE
    ../clib/armsys.c                         0x00000000   Number         0  no_argv.o ABSOLUTE
    ../clib/armsys.c                         0x00000000   Number         0  argv_veneer.o ABSOLUTE
    ../clib/armsys.c                         0x00000000   Number         0  argv_veneer.o ABSOLUTE
    ../clib/bigflt.c                         0x00000000   Number         0  bigflt0.o ABSOLUTE
    ../clib/btod.s                           0x00000000   Number         0  btod.o ABSOLUTE
    ../clib/heapalloc.c                      0x00000000   Number         0  hrguard.o ABSOLUTE
    ../clib/heapaux.c                        0x00000000   Number         0  heapauxi.o ABSOLUTE
    ../clib/libinit.s                        0x00000000   Number         0  libinit.o ABSOLUTE
    ../clib/libinit.s                        0x00000000   Number         0  libinit2.o ABSOLUTE
    ../clib/libinit.s                        0x00000000   Number         0  libshutdown.o ABSOLUTE
    ../clib/libinit.s                        0x00000000   Number         0  libshutdown2.o ABSOLUTE
    ../clib/locale.s                         0x00000000   Number         0  lc_numeric_c.o ABSOLUTE
    ../clib/longlong.s                       0x00000000   Number         0  lludiv10.o ABSOLUTE
    ../clib/memcpset.s                       0x00000000   Number         0  strcmpv7m.o ABSOLUTE
    ../clib/misc.s                           0x00000000   Number         0  printf_stubs.o ABSOLUTE
    ../clib/printf.c                         0x00000000   Number         0  __printf.o ABSOLUTE
    ../clib/printf.c                         0x00000000   Number         0  _printf_fp_dec.o ABSOLUTE
    ../clib/printf.c                         0x00000000   Number         0  _printf_char_common.o ABSOLUTE
    ../clib/printf.c                         0x00000000   Number         0  _sputc.o ABSOLUTE
    ../clib/printf.c                         0x00000000   Number         0  __printf_nopercent.o ABSOLUTE
    ../clib/printf.c                         0x00000000   Number         0  _printf_fp_infnan.o ABSOLUTE
    ../clib/printf.c                         0x00000000   Number         0  __printf_ss_wp.o ABSOLUTE
    ../clib/printf.c                         0x00000000   Number         0  __2sprintf.o ABSOLUTE
    ../clib/printf.c                         0x00000000   Number         0  noretval__2sprintf.o ABSOLUTE
    ../clib/printf.c                         0x00000000   Number         0  __printf_flags.o ABSOLUTE
    ../clib/printf.c                         0x00000000   Number         0  __printf_ss.o ABSOLUTE
    ../clib/printf.c                         0x00000000   Number         0  __printf_flags_ss.o ABSOLUTE
    ../clib/printf.c                         0x00000000   Number         0  __printf_wp.o ABSOLUTE
    ../clib/printf.c                         0x00000000   Number         0  __printf_flags_wp.o ABSOLUTE
    ../clib/printf.c                         0x00000000   Number         0  __printf_flags_ss_wp.o ABSOLUTE
    ../clib/printf_percent.s                 0x00000000   Number         0  _printf_percent.o ABSOLUTE
    ../clib/printf_percent.s                 0x00000000   Number         0  _printf_f.o ABSOLUTE
    ../clib/printf_percent.s                 0x00000000   Number         0  _printf_percent_end.o ABSOLUTE
    ../clib/signal.c                         0x00000000   Number         0  defsig_general.o ABSOLUTE
    ../clib/signal.c                         0x00000000   Number         0  __raise.o ABSOLUTE
    ../clib/signal.c                         0x00000000   Number         0  defsig_exit.o ABSOLUTE
    ../clib/signal.c                         0x00000000   Number         0  defsig_stak_inner.o ABSOLUTE
    ../clib/signal.c                         0x00000000   Number         0  defsig_rtred_inner.o ABSOLUTE
    ../clib/signal.c                         0x00000000   Number         0  defsig_segv_inner.o ABSOLUTE
    ../clib/signal.c                         0x00000000   Number         0  defsig_rtmem_inner.o ABSOLUTE
    ../clib/signal.c                         0x00000000   Number         0  defsig_fpe_inner.o ABSOLUTE
    ../clib/signal.c                         0x00000000   Number         0  defsig_abrt_inner.o ABSOLUTE
    ../clib/signal.c                         0x00000000   Number         0  defsig_other.o ABSOLUTE
    ../clib/signal.c                         0x00000000   Number         0  defsig_rtmem_formal.o ABSOLUTE
    ../clib/signal.c                         0x00000000   Number         0  defsig_rtmem_outer.o ABSOLUTE
    ../clib/signal.c                         0x00000000   Number         0  defsig_pvfn_inner.o ABSOLUTE
    ../clib/signal.c                         0x00000000   Number         0  defsig_cppl_inner.o ABSOLUTE
    ../clib/signal.s                         0x00000000   Number         0  defsig.o ABSOLUTE
    ../clib/stdlib.c                         0x00000000   Number         0  rand.o ABSOLUTE
    ../clib/stdlib.c                         0x00000000   Number         0  rand.o ABSOLUTE
    ../clib/stdlib.c                         0x00000000   Number         0  exit.o ABSOLUTE
    ../fplib/daddsub.s                       0x00000000   Number         0  daddsub_clz.o ABSOLUTE
    ../fplib/ddiv.s                          0x00000000   Number         0  ddiv.o ABSOLUTE
    ../fplib/dfix.s                          0x00000000   Number         0  dfix.o ABSOLUTE
    ../fplib/dflt.s                          0x00000000   Number         0  dflt_clz.o ABSOLUTE
    ../fplib/dmul.s                          0x00000000   Number         0  dmul.o ABSOLUTE
    ../fplib/dnaninf.s                       0x00000000   Number         0  dnaninf.o ABSOLUTE
    ../fplib/dretinf.s                       0x00000000   Number         0  dretinf.o ABSOLUTE
    ../fplib/fpinit.s                        0x00000000   Number         0  fpinit.o ABSOLUTE
    ../fplib/istatus.s                       0x00000000   Number         0  istatus.o ABSOLUTE
    ../fplib/printf1.s                       0x00000000   Number         0  printf1.o ABSOLUTE
    ../fplib/usenofp.s                       0x00000000   Number         0  usenofp.o ABSOLUTE
    ../mathlib/fpclassify.c                  0x00000000   Number         0  fpclassify.o ABSOLUTE
    Nokia5110.c                              0x00000000   Number         0  nokia5110.o ABSOLUTE
    SpaceInvaders.c                          0x00000000   Number         0  spaceinvaders.o ABSOLUTE
    TExaS.c                                  0x00000000   Number         0  texas.o ABSOLUTE
    dc.s                                     0x00000000   Number         0  dc.o ABSOLUTE
    random.s                                 0x00000000   Number         0  random.o ABSOLUTE
    startup.s                                0x00000000   Number         0  startup.o ABSOLUTE
    !!!main                                  0x00000284   Section        8  __main.o(!!!main)
    !!!scatter                               0x0000028c   Section       52  __scatter.o(!!!scatter)
    !!handler_copy                           0x000002c0   Section       26  __scatter_copy.o(!!handler_copy)
    !!handler_zi                             0x000002dc   Section       28  __scatter_zi.o(!!handler_zi)
    .ARM.Collect$$_printf_percent$$00000000  0x000002f8   Section        0  _printf_percent.o(.ARM.Collect$$_printf_percent$$00000000)
    .ARM.Collect$$_printf_percent$$00000003  0x000002f8   Section        6  _printf_f.o(.ARM.Collect$$_printf_percent$$00000003)
    .ARM.Collect$$_printf_percent$$00000017  0x000002fe   Section        4  _printf_percent_end.o(.ARM.Collect$$_printf_percent$$00000017)
    .ARM.Collect$$libinit$$00000000          0x00000302   Section        2  libinit.o(.ARM.Collect$$libinit$$00000000)
    .ARM.Collect$$libinit$$00000002          0x00000304   Section        0  libinit2.o(.ARM.Collect$$libinit$$00000002)
    .ARM.Collect$$libinit$$00000008          0x00000304   Section        0  libinit2.o(.ARM.Collect$$libinit$$00000008)
    .ARM.Collect$$libinit$$0000000A          0x00000304   Section        0  libinit2.o(.ARM.Collect$$libinit$$0000000A)
    .ARM.Collect$$libinit$$0000000B          0x00000304   Section        4  libinit2.o(.ARM.Collect$$libinit$$0000000B)
    .ARM.Collect$$libinit$$0000000C          0x00000308   Section        0  libinit2.o(.ARM.Collect$$libinit$$0000000C)
    .ARM.Collect$$libinit$$0000000D          0x00000308   Section        6  libinit2.o(.ARM.Collect$$libinit$$0000000D)
    .ARM.Collect$$libinit$$0000000F          0x0000030e   Section        0  libinit2.o(.ARM.Collect$$libinit$$0000000F)
    .ARM.Collect$$libinit$$00000011          0x0000030e   Section        0  libinit2.o(.ARM.Collect$$libinit$$00000011)
    .ARM.Collect$$libinit$$00000013          0x0000030e   Section        0  libinit2.o(.ARM.Collect$$libinit$$00000013)
    .ARM.Collect$$libinit$$00000014          0x0000030e   Section       10  libinit2.o(.ARM.Collect$$libinit$$00000014)
    .ARM.Collect$$libinit$$00000015          0x00000318   Section        0  libinit2.o(.ARM.Collect$$libinit$$00000015)
    .ARM.Collect$$libinit$$00000017          0x00000318   Section        0  libinit2.o(.ARM.Collect$$libinit$$00000017)
    .ARM.Collect$$libinit$$00000019          0x00000318   Section        0  libinit2.o(.ARM.Collect$$libinit$$00000019)
    .ARM.Collect$$libinit$$0000001B          0x00000318   Section        0  libinit2.o(.ARM.Collect$$libinit$$0000001B)
    .ARM.Collect$$libinit$$0000001D          0x00000318   Section        0  libinit2.o(.ARM.Collect$$libinit$$0000001D)
    .ARM.Collect$$libinit$$0000001F          0x00000318   Section        0  libinit2.o(.ARM.Collect$$libinit$$0000001F)
    .ARM.Collect$$libinit$$00000021          0x00000318   Section        0  libinit2.o(.ARM.Collect$$libinit$$00000021)
    .ARM.Collect$$libinit$$00000023          0x00000318   Section        0  libinit2.o(.ARM.Collect$$libinit$$00000023)
    .ARM.Collect$$libinit$$0000002A          0x00000318   Section        0  libinit2.o(.ARM.Collect$$libinit$$0000002A)
    .ARM.Collect$$libinit$$0000002C          0x00000318   Section        0  libinit2.o(.ARM.Collect$$libinit$$0000002C)
    .ARM.Collect$$libinit$$0000002E          0x00000318   Section        0  libinit2.o(.ARM.Collect$$libinit$$0000002E)
    .ARM.Collect$$libinit$$00000030          0x00000318   Section        0  libinit2.o(.ARM.Collect$$libinit$$00000030)
    .ARM.Collect$$libinit$$00000031          0x00000318   Section        2  libinit2.o(.ARM.Collect$$libinit$$00000031)
    .ARM.Collect$$libshutdown$$00000000      0x0000031a   Section        2  libshutdown.o(.ARM.Collect$$libshutdown$$00000000)
    .ARM.Collect$$libshutdown$$00000003      0x0000031c   Section        0  libshutdown2.o(.ARM.Collect$$libshutdown$$00000003)
    .ARM.Collect$$libshutdown$$00000006      0x0000031c   Section        0  libshutdown2.o(.ARM.Collect$$libshutdown$$00000006)
    .ARM.Collect$$libshutdown$$00000009      0x0000031c   Section        0  libshutdown2.o(.ARM.Collect$$libshutdown$$00000009)
    .ARM.Collect$$libshutdown$$0000000B      0x0000031c   Section        0  libshutdown2.o(.ARM.Collect$$libshutdown$$0000000B)
    .ARM.Collect$$libshutdown$$0000000E      0x0000031c   Section        0  libshutdown2.o(.ARM.Collect$$libshutdown$$0000000E)
    .ARM.Collect$$libshutdown$$0000000F      0x0000031c   Section        2  libshutdown2.o(.ARM.Collect$$libshutdown$$0000000F)
    .ARM.Collect$$rtentry$$00000000          0x0000031e   Section        0  rtentry.o(.ARM.Collect$$rtentry$$00000000)
    .ARM.Collect$$rtentry$$00000002          0x0000031e   Section        0  rtentry2.o(.ARM.Collect$$rtentry$$00000002)
    .ARM.Collect$$rtentry$$00000004          0x0000031e   Section        6  rtentry4.o(.ARM.Collect$$rtentry$$00000004)
    .ARM.Collect$$rtentry$$00000009          0x00000324   Section        0  rtentry2.o(.ARM.Collect$$rtentry$$00000009)
    .ARM.Collect$$rtentry$$0000000A          0x00000324   Section        4  rtentry2.o(.ARM.Collect$$rtentry$$0000000A)
    .ARM.Collect$$rtentry$$0000000C          0x00000328   Section        0  rtentry2.o(.ARM.Collect$$rtentry$$0000000C)
    .ARM.Collect$$rtentry$$0000000D          0x00000328   Section        8  rtentry2.o(.ARM.Collect$$rtentry$$0000000D)
    .ARM.Collect$$rtexit$$00000000           0x00000330   Section        2  rtexit.o(.ARM.Collect$$rtexit$$00000000)
    .ARM.Collect$$rtexit$$00000002           0x00000332   Section        0  rtexit2.o(.ARM.Collect$$rtexit$$00000002)
    .ARM.Collect$$rtexit$$00000003           0x00000332   Section        4  rtexit2.o(.ARM.Collect$$rtexit$$00000003)
    .ARM.Collect$$rtexit$$00000004           0x00000336   Section        6  rtexit2.o(.ARM.Collect$$rtexit$$00000004)
    .emb_text                                0x0000033c   Section       52  rand.o(.emb_text)
    .text                                    0x00000370   Section       48  startup.o(.text)
    .text                                    0x000003a0   Section       64  random.o(.text)
    .text                                    0x000003e0   Section        0  noretval__2sprintf.o(.text)
    .text                                    0x00000408   Section        0  __printf_wp.o(.text)
    .text                                    0x00000518   Section        0  rand.o(.text)
    .text                                    0x00000554   Section        0  heapauxi.o(.text)
    .text                                    0x0000055a   Section        0  _printf_fp_dec.o(.text)
    _fp_digits                               0x0000055d   Thumb Code   426  _printf_fp_dec.o(.text)
    .text                                    0x0000097c   Section        0  _printf_char_common.o(.text)
    _printf_input_char                       0x0000097d   Thumb Code    10  _printf_char_common.o(.text)
    .text                                    0x000009ac   Section        0  _sputc.o(.text)
    .text                                    0x000009b8   Section        8  rt_locale_intlibspace.o(.text)
    .text                                    0x000009c0   Section      138  lludiv10.o(.text)
    .text                                    0x00000a4c   Section        0  _printf_fp_infnan.o(.text)
    .text                                    0x00000acc   Section        0  bigflt0.o(.text)
    .text                                    0x00000bb0   Section        8  libspace.o(.text)
    .text                                    0x00000bb8   Section       74  sys_stackheap_outer.o(.text)
    .text                                    0x00000c02   Section        0  exit.o(.text)
    .text                                    0x00000c10   Section      128  strcmpv7m.o(.text)
    .text                                    0x00000c90   Section        2  use_no_semi.o(.text)
    .text                                    0x00000c92   Section        0  indicate_semi.o(.text)
    .text                                    0x00000c94   Section        0  sys_exit.o(.text)
    CL$$btod_d2e                             0x00000ca0   Section       62  btod.o(CL$$btod_d2e)
    CL$$btod_d2e_denorm_low                  0x00000cde   Section       70  btod.o(CL$$btod_d2e_denorm_low)
    CL$$btod_d2e_norm_op1                    0x00000d24   Section       96  btod.o(CL$$btod_d2e_norm_op1)
    CL$$btod_div_common                      0x00000d84   Section      824  btod.o(CL$$btod_div_common)
    CL$$btod_e2e                             0x000010bc   Section      198  btod.o(CL$$btod_e2e)
    CL$$btod_ediv                            0x00001182   Section       40  btod.o(CL$$btod_ediv)
    CL$$btod_emul                            0x000011aa   Section       40  btod.o(CL$$btod_emul)
    CL$$btod_mult_common                     0x000011d2   Section      580  btod.o(CL$$btod_mult_common)
    i.ADC0_Init                              0x00001418   Section        0  spaceinvaders.o(i.ADC0_Init)
    i.ADC1_In                                0x00001490   Section        0  texas.o(i.ADC1_In)
    i.ADC1_Init                              0x0000149c   Section        0  texas.o(i.ADC1_Init)
    i.ADC_Init                               0x00001570   Section        0  spaceinvaders.o(i.ADC_Init)
    i.AdjustGameSpeed                        0x00001644   Section        0  spaceinvaders.o(i.AdjustGameSpeed)
    i.GPIOPortB_Handler                      0x000016ac   Section        0  spaceinvaders.o(i.GPIOPortB_Handler)
    i.GPIOPortF_Handler                      0x0000170c   Section        0  spaceinvaders.o(i.GPIOPortF_Handler)
    i.GetTemperature                         0x0000173c   Section        0  spaceinvaders.o(i.GetTemperature)
    i.Nokia5110_Clear                        0x000017c4   Section        0  nokia5110.o(i.Nokia5110_Clear)
    i.Nokia5110_ClearBuffer                  0x000017e4   Section        0  nokia5110.o(i.Nokia5110_ClearBuffer)
    i.Nokia5110_DisplayBuffer                0x000017fc   Section        0  nokia5110.o(i.Nokia5110_DisplayBuffer)
    i.Nokia5110_DrawFullImage                0x0000180c   Section        0  nokia5110.o(i.Nokia5110_DrawFullImage)
    i.Nokia5110_Init                         0x00001830   Section        0  nokia5110.o(i.Nokia5110_Init)
    i.Nokia5110_OutChar                      0x0000199c   Section        0  nokia5110.o(i.Nokia5110_OutChar)
    i.Nokia5110_OutString                    0x000019d4   Section        0  nokia5110.o(i.Nokia5110_OutString)
    i.Nokia5110_OutUDec                      0x000019ec   Section        0  nokia5110.o(i.Nokia5110_OutUDec)
    i.Nokia5110_PrintBMP                     0x00001b88   Section        0  nokia5110.o(i.Nokia5110_PrintBMP)
    i.Nokia5110_SetCursor                    0x00001d30   Section        0  nokia5110.o(i.Nokia5110_SetCursor)
    i.PLL_Init                               0x00001d60   Section        0  texas.o(i.PLL_Init)
    i.PortB_Init                             0x00001ddc   Section        0  spaceinvaders.o(i.PortB_Init)
    i.PortE_Init                             0x00001ee8   Section        0  spaceinvaders.o(i.PortE_Init)
    i.PortF_Init                             0x00001f34   Section        0  spaceinvaders.o(i.PortF_Init)
    i.SetCode                                0x00002040   Section        0  texas.o(i.SetCode)
    i.SetCourse                              0x00002058   Section        0  texas.o(i.SetCourse)
    i.TExaS_Init                             0x00002070   Section        0  texas.o(i.TExaS_Init)
    i.Timer2A_Handler                        0x00002234   Section        0  spaceinvaders.o(i.Timer2A_Handler)
    i.Timer2_Init                            0x000023b4   Section        0  spaceinvaders.o(i.Timer2_Init)
    i.Timer4A_Handler                        0x0000243c   Section        0  texas.o(i.Timer4A_Handler)
    i.Timer5A_Handler                        0x0000245c   Section        0  texas.o(i.Timer5A_Handler)
    i.UART0_Init                             0x0000248c   Section        0  texas.o(i.UART0_Init)
    i.__ARM_fpclassify                       0x0000254c   Section        0  fpclassify.o(i.__ARM_fpclassify)
    i._is_digit                              0x00002574   Section        0  __printf_wp.o(i._is_digit)
    i.getPotentiometerReading                0x00002584   Section        0  spaceinvaders.o(i.getPotentiometerReading)
    i.lcdwrite                               0x0000261c   Section        0  nokia5110.o(i.lcdwrite)
    lcdwrite                                 0x0000261d   Thumb Code    66  nokia5110.o(i.lcdwrite)
    i.main                                   0x00002668   Section        0  spaceinvaders.o(i.main)
    locale$$code                             0x00002864   Section       44  lc_numeric_c.o(locale$$code)
    x$fpl$dadd                               0x00002890   Section      336  daddsub_clz.o(x$fpl$dadd)
    _dadd1                                   0x000028a1   Thumb Code     0  daddsub_clz.o(x$fpl$dadd)
    x$fpl$ddiv                               0x000029e0   Section      688  ddiv.o(x$fpl$ddiv)
    ddiv_entry                               0x000029e7   Thumb Code     0  ddiv.o(x$fpl$ddiv)
    x$fpl$dfix                               0x00002c90   Section       94  dfix.o(x$fpl$dfix)
    x$fpl$dflt                               0x00002cee   Section       46  dflt_clz.o(x$fpl$dflt)
    x$fpl$dmul                               0x00002d1c   Section      340  dmul.o(x$fpl$dmul)
    x$fpl$dnaninf                            0x00002e70   Section      156  dnaninf.o(x$fpl$dnaninf)
    x$fpl$dretinf                            0x00002f0c   Section       12  dretinf.o(x$fpl$dretinf)
    x$fpl$drsb                               0x00002f18   Section       22  daddsub_clz.o(x$fpl$drsb)
    x$fpl$dsub                               0x00002f30   Section      468  daddsub_clz.o(x$fpl$dsub)
    _dsub1                                   0x00002f41   Thumb Code     0  daddsub_clz.o(x$fpl$dsub)
    x$fpl$printf1                            0x00003104   Section        4  printf1.o(x$fpl$printf1)
    .constdata                               0x00003108   Section      480  nokia5110.o(.constdata)
    x$fpl$usenofp                            0x00003108   Section        0  usenofp.o(x$fpl$usenofp)
    ASCII                                    0x00003108   Data         480  nokia5110.o(.constdata)
    .constdata                               0x000032e8   Section      878  spaceinvaders.o(.constdata)
    ASCII                                    0x000032e8   Data         480  spaceinvaders.o(.constdata)
    .constdata                               0x00003656   Section      360  texas.o(.constdata)
    .constdata                               0x000037c0   Section      148  bigflt0.o(.constdata)
    tenpwrs_x                                0x000037c0   Data          60  bigflt0.o(.constdata)
    tenpwrs_i                                0x000037fc   Data          64  bigflt0.o(.constdata)
    locale$$data                             0x00003874   Section       28  lc_numeric_c.o(locale$$data)
    __lcnum_c_name                           0x00003878   Data           2  lc_numeric_c.o(locale$$data)
    __lcnum_c_start                          0x00003880   Data           0  lc_numeric_c.o(locale$$data)
    __lcnum_c_point                          0x0000388c   Data           0  lc_numeric_c.o(locale$$data)
    __lcnum_c_thousands                      0x0000388e   Data           0  lc_numeric_c.o(locale$$data)
    __lcnum_c_grouping                       0x0000388f   Data           0  lc_numeric_c.o(locale$$data)
    __lcnum_c_end                            0x00003890   Data           0  lc_numeric_c.o(locale$$data)
    .data                                    0x20000000   Section      124  spaceinvaders.o(.data)
    .data                                    0x2000007c   Section       52  texas.o(.data)
    DATA                                     0x200000b0   Section        4  random.o(DATA)
    M                                        0x200000b0   Data           4  random.o(DATA)
    .bss                                     0x200000b4   Section      504  nokia5110.o(.bss)
    .bss                                     0x200002ac   Section       20  spaceinvaders.o(.bss)
    .bss                                     0x200002c0   Section       56  texas.o(.bss)
    .bss                                     0x200002f8   Section      228  rand.o(.bss)
    .bss                                     0x200003dc   Section       96  libspace.o(.bss)
    HEAP                                     0x20000440   Section        0  startup.o(HEAP)
    STACK                                    0x20000440   Section     1024  startup.o(STACK)
    HeapMem                                  0x20000440   Data           0  startup.o(HEAP)
    StackMem                                 0x20000440   Data           0  startup.o(STACK)

    Global Symbols

    Symbol Name                              Value     Ov Type        Size  Object(Section)

    BuildAttributes$$THM_ISAv4$E$P$D$K$B$S$7EM$PE$A:L22UL41UL21$X:L11$S22US41US21$IEEE1$IW$USESV6$~STKCKD$USESV7$~SHL$OTIME$ROPI$IEEEJ$EBA8$UX$STANDARDLIB$REQ8$PRES8$EABIv2 0x00000000   Number         0  anon$$obj.o ABSOLUTE
    __ARM_use_no_argv                        0x00000000   Number         0  spaceinvaders.o ABSOLUTE
    __Vectors                                0x00000000   Data           0  startup.o(RESET)
    _printf_flags                            0x00000000   Number         0  printf_stubs.o ABSOLUTE
    _printf_return_value                     0x00000000   Number         0  printf_stubs.o ABSOLUTE
    _printf_sizespec                         0x00000000   Number         0  printf_stubs.o ABSOLUTE
    _printf_widthprec                        0x00000000   Number         0  printf_stubs.o ABSOLUTE
    __ARM_exceptions_init                     - Undefined Weak Reference
    __alloca_initialize                       - Undefined Weak Reference
    __cpp_initialize__aeabi_                  - Undefined Weak Reference
    __cxa_finalize                            - Undefined Weak Reference
    __sigvec_lookup                           - Undefined Weak Reference
    _atexit_init                              - Undefined Weak Reference
    _call_atexit_fns                          - Undefined Weak Reference
    _clock_init                               - Undefined Weak Reference
    _fp_trap_init                             - Undefined Weak Reference
    _fp_trap_shutdown                         - Undefined Weak Reference
    _get_lc_collate                           - Undefined Weak Reference
    _get_lc_ctype                             - Undefined Weak Reference
    _get_lc_monetary                          - Undefined Weak Reference
    _get_lc_time                              - Undefined Weak Reference
    _getenv_init                              - Undefined Weak Reference
    _handle_redirection                       - Undefined Weak Reference
    _init_alloc                               - Undefined Weak Reference
    _init_user_alloc                          - Undefined Weak Reference
    _initio                                   - Undefined Weak Reference
    _printf_post_padding                      - Undefined Weak Reference
    _printf_pre_padding                       - Undefined Weak Reference
    _signal_finish                            - Undefined Weak Reference
    _signal_init                              - Undefined Weak Reference
    _terminate_alloc                          - Undefined Weak Reference
    _terminate_user_alloc                     - Undefined Weak Reference
    _terminateio                              - Undefined Weak Reference
    Reset_Handler                            0x0000026d   Thumb Code     0  startup.o(RESET)
    NMI_Handler                              0x00000271   Thumb Code     2  startup.o(RESET)
    HardFault_Handler                        0x00000273   Thumb Code     2  startup.o(RESET)
    MemManage_Handler                        0x00000275   Thumb Code     2  startup.o(RESET)
    BusFault_Handler                         0x00000277   Thumb Code     2  startup.o(RESET)
    UsageFault_Handler                       0x00000279   Thumb Code     2  startup.o(RESET)
    SVC_Handler                              0x0000027b   Thumb Code     2  startup.o(RESET)
    DebugMon_Handler                         0x0000027d   Thumb Code     2  startup.o(RESET)
    PendSV_Handler                           0x0000027f   Thumb Code     2  startup.o(RESET)
    SysTick_Handler                          0x00000281   Thumb Code     2  startup.o(RESET)
    ADC0Seq0_Handler                         0x00000283   Thumb Code     0  startup.o(RESET)
    ADC0Seq1_Handler                         0x00000283   Thumb Code     0  startup.o(RESET)
    ADC0Seq2_Handler                         0x00000283   Thumb Code     0  startup.o(RESET)
    ADC0Seq3_Handler                         0x00000283   Thumb Code     0  startup.o(RESET)
    ADC1Seq0_Handler                         0x00000283   Thumb Code     0  startup.o(RESET)
    ADC1Seq1_Handler                         0x00000283   Thumb Code     0  startup.o(RESET)
    ADC1Seq2_Handler                         0x00000283   Thumb Code     0  startup.o(RESET)
    ADC1Seq3_Handler                         0x00000283   Thumb Code     0  startup.o(RESET)
    CAN0_Handler                             0x00000283   Thumb Code     0  startup.o(RESET)
    CAN1_Handler                             0x00000283   Thumb Code     0  startup.o(RESET)
    CAN2_Handler                             0x00000283   Thumb Code     0  startup.o(RESET)
    Comp0_Handler                            0x00000283   Thumb Code     0  startup.o(RESET)
    Comp1_Handler                            0x00000283   Thumb Code     0  startup.o(RESET)
    Comp2_Handler                            0x00000283   Thumb Code     0  startup.o(RESET)
    Ethernet_Handler                         0x00000283   Thumb Code     0  startup.o(RESET)
    ExtBus_Handler                           0x00000283   Thumb Code     0  startup.o(RESET)
    FPU_Handler                              0x00000283   Thumb Code     0  startup.o(RESET)
    Fan0_Handler                             0x00000283   Thumb Code     0  startup.o(RESET)
    FlashCtl_Handler                         0x00000283   Thumb Code     0  startup.o(RESET)
    GPIOPortA_Handler                        0x00000283   Thumb Code     0  startup.o(RESET)
    GPIOPortC_Handler                        0x00000283   Thumb Code     0  startup.o(RESET)
    GPIOPortD_Handler                        0x00000283   Thumb Code     0  startup.o(RESET)
    GPIOPortE_Handler                        0x00000283   Thumb Code     0  startup.o(RESET)
    GPIOPortG_Handler                        0x00000283   Thumb Code     0  startup.o(RESET)
    GPIOPortH_Handler                        0x00000283   Thumb Code     0  startup.o(RESET)
    GPIOPortJ_Handler                        0x00000283   Thumb Code     0  startup.o(RESET)
    GPIOPortK_Handler                        0x00000283   Thumb Code     0  startup.o(RESET)
    GPIOPortL_Handler                        0x00000283   Thumb Code     0  startup.o(RESET)
    GPIOPortM_Handler                        0x00000283   Thumb Code     0  startup.o(RESET)
    GPIOPortN_Handler                        0x00000283   Thumb Code     0  startup.o(RESET)
    GPIOPortP1_Handler                       0x00000283   Thumb Code     0  startup.o(RESET)
    GPIOPortP2_Handler                       0x00000283   Thumb Code     0  startup.o(RESET)
    GPIOPortP3_Handler                       0x00000283   Thumb Code     0  startup.o(RESET)
    GPIOPortP4_Handler                       0x00000283   Thumb Code     0  startup.o(RESET)
    GPIOPortP5_Handler                       0x00000283   Thumb Code     0  startup.o(RESET)
    GPIOPortP6_Handler                       0x00000283   Thumb Code     0  startup.o(RESET)
    GPIOPortP7_Handler                       0x00000283   Thumb Code     0  startup.o(RESET)
    GPIOPortP_Handler                        0x00000283   Thumb Code     0  startup.o(RESET)
    GPIOPortQ1_Handler                       0x00000283   Thumb Code     0  startup.o(RESET)
    GPIOPortQ2_Handler                       0x00000283   Thumb Code     0  startup.o(RESET)
    GPIOPortQ3_Handler                       0x00000283   Thumb Code     0  startup.o(RESET)
    GPIOPortQ4_Handler                       0x00000283   Thumb Code     0  startup.o(RESET)
    GPIOPortQ5_Handler                       0x00000283   Thumb Code     0  startup.o(RESET)
    GPIOPortQ6_Handler                       0x00000283   Thumb Code     0  startup.o(RESET)
    GPIOPortQ7_Handler                       0x00000283   Thumb Code     0  startup.o(RESET)
    GPIOPortQ_Handler                        0x00000283   Thumb Code     0  startup.o(RESET)
    GPIOPortR_Handler                        0x00000283   Thumb Code     0  startup.o(RESET)
    GPIOPortS_Handler                        0x00000283   Thumb Code     0  startup.o(RESET)
    Hibernate_Handler                        0x00000283   Thumb Code     0  startup.o(RESET)
    I2C0_Handler                             0x00000283   Thumb Code     0  startup.o(RESET)
    I2C1_Handler                             0x00000283   Thumb Code     0  startup.o(RESET)
    I2C2_Handler                             0x00000283   Thumb Code     0  startup.o(RESET)
    I2C3_Handler                             0x00000283   Thumb Code     0  startup.o(RESET)
    I2C4_Handler                             0x00000283   Thumb Code     0  startup.o(RESET)
    I2C5_Handler                             0x00000283   Thumb Code     0  startup.o(RESET)
    I2S0_Handler                             0x00000283   Thumb Code     0  startup.o(RESET)
    LPC0_Handler                             0x00000283   Thumb Code     0  startup.o(RESET)
    PECI0_Handler                            0x00000283   Thumb Code     0  startup.o(RESET)
    PWM0Fault_Handler                        0x00000283   Thumb Code     0  startup.o(RESET)
    PWM0Generator0_Handler                   0x00000283   Thumb Code     0  startup.o(RESET)
    PWM0Generator1_Handler                   0x00000283   Thumb Code     0  startup.o(RESET)
    PWM0Generator2_Handler                   0x00000283   Thumb Code     0  startup.o(RESET)
    PWM0Generator3_Handler                   0x00000283   Thumb Code     0  startup.o(RESET)
    PWM1Fault_Handler                        0x00000283   Thumb Code     0  startup.o(RESET)
    PWM1Generator0_Handler                   0x00000283   Thumb Code     0  startup.o(RESET)
    PWM1Generator1_Handler                   0x00000283   Thumb Code     0  startup.o(RESET)
    PWM1Generator2_Handler                   0x00000283   Thumb Code     0  startup.o(RESET)
    PWM1Generator3_Handler                   0x00000283   Thumb Code     0  startup.o(RESET)
    Quadrature0_Handler                      0x00000283   Thumb Code     0  startup.o(RESET)
    Quadrature1_Handler                      0x00000283   Thumb Code     0  startup.o(RESET)
    Quadrature2_Handler                      0x00000283   Thumb Code     0  startup.o(RESET)
    SSI0_Handler                             0x00000283   Thumb Code     0  startup.o(RESET)
    SSI1_Handler                             0x00000283   Thumb Code     0  startup.o(RESET)
    SSI2_Handler                             0x00000283   Thumb Code     0  startup.o(RESET)
    SSI3_Handler                             0x00000283   Thumb Code     0  startup.o(RESET)
    SysCtl_Handler                           0x00000283   Thumb Code     0  startup.o(RESET)
    Timer0A_Handler                          0x00000283   Thumb Code     0  startup.o(RESET)
    Timer0B_Handler                          0x00000283   Thumb Code     0  startup.o(RESET)
    Timer1A_Handler                          0x00000283   Thumb Code     0  startup.o(RESET)
    Timer1B_Handler                          0x00000283   Thumb Code     0  startup.o(RESET)
    Timer2B_Handler                          0x00000283   Thumb Code     0  startup.o(RESET)
    Timer3A_Handler                          0x00000283   Thumb Code     0  startup.o(RESET)
    Timer3B_Handler                          0x00000283   Thumb Code     0  startup.o(RESET)
    Timer4B_Handler                          0x00000283   Thumb Code     0  startup.o(RESET)
    Timer5B_Handler                          0x00000283   Thumb Code     0  startup.o(RESET)
    UART0_Handler                            0x00000283   Thumb Code     0  startup.o(RESET)
    UART1_Handler                            0x00000283   Thumb Code     0  startup.o(RESET)
    UART2_Handler                            0x00000283   Thumb Code     0  startup.o(RESET)
    UART3_Handler                            0x00000283   Thumb Code     0  startup.o(RESET)
    UART4_Handler                            0x00000283   Thumb Code     0  startup.o(RESET)
    UART5_Handler                            0x00000283   Thumb Code     0  startup.o(RESET)
    UART6_Handler                            0x00000283   Thumb Code     0  startup.o(RESET)
    UART7_Handler                            0x00000283   Thumb Code     0  startup.o(RESET)
    USB0_Handler                             0x00000283   Thumb Code     0  startup.o(RESET)
    WDT_Handler                              0x00000283   Thumb Code     0  startup.o(RESET)
    WideTimer0A_Handler                      0x00000283   Thumb Code     0  startup.o(RESET)
    WideTimer0B_Handler                      0x00000283   Thumb Code     0  startup.o(RESET)
    WideTimer1A_Handler                      0x00000283   Thumb Code     0  startup.o(RESET)
    WideTimer1B_Handler                      0x00000283   Thumb Code     0  startup.o(RESET)
    WideTimer2A_Handler                      0x00000283   Thumb Code     0  startup.o(RESET)
    WideTimer2B_Handler                      0x00000283   Thumb Code     0  startup.o(RESET)
    WideTimer3A_Handler                      0x00000283   Thumb Code     0  startup.o(RESET)
    WideTimer3B_Handler                      0x00000283   Thumb Code     0  startup.o(RESET)
    WideTimer4A_Handler                      0x00000283   Thumb Code     0  startup.o(RESET)
    WideTimer4B_Handler                      0x00000283   Thumb Code     0  startup.o(RESET)
    WideTimer5A_Handler                      0x00000283   Thumb Code     0  startup.o(RESET)
    WideTimer5B_Handler                      0x00000283   Thumb Code     0  startup.o(RESET)
    uDMA_Error                               0x00000283   Thumb Code     0  startup.o(RESET)
    uDMA_Handler                             0x00000283   Thumb Code     0  startup.o(RESET)
    __main                                   0x00000285   Thumb Code     8  __main.o(!!!main)
    __scatterload                            0x0000028d   Thumb Code     0  __scatter.o(!!!scatter)
    __scatterload_rt2                        0x0000028d   Thumb Code    44  __scatter.o(!!!scatter)
    __scatterload_rt2_thumb_only             0x0000028d   Thumb Code     0  __scatter.o(!!!scatter)
    __scatterload_null                       0x0000029b   Thumb Code     0  __scatter.o(!!!scatter)
    __scatterload_copy                       0x000002c1   Thumb Code    26  __scatter_copy.o(!!handler_copy)
    __scatterload_zeroinit                   0x000002dd   Thumb Code    28  __scatter_zi.o(!!handler_zi)
    _printf_f                                0x000002f9   Thumb Code     0  _printf_f.o(.ARM.Collect$$_printf_percent$$00000003)
    _printf_percent                          0x000002f9   Thumb Code     0  _printf_percent.o(.ARM.Collect$$_printf_percent$$00000000)
    _printf_percent_end                      0x000002ff   Thumb Code     0  _printf_percent_end.o(.ARM.Collect$$_printf_percent$$00000017)
    __rt_lib_init                            0x00000303   Thumb Code     0  libinit.o(.ARM.Collect$$libinit$$00000000)
    __rt_lib_init_fp_1                       0x00000305   Thumb Code     0  libinit2.o(.ARM.Collect$$libinit$$00000002)
    __rt_lib_init_heap_1                     0x00000305   Thumb Code     0  libinit2.o(.ARM.Collect$$libinit$$00000008)
    __rt_lib_init_rand_2                     0x00000305   Thumb Code     0  libinit2.o(.ARM.Collect$$libinit$$0000000B)
    __rt_lib_init_user_alloc_1               0x00000305   Thumb Code     0  libinit2.o(.ARM.Collect$$libinit$$0000000A)
    __rt_lib_init_lc_common                  0x00000309   Thumb Code     0  libinit2.o(.ARM.Collect$$libinit$$0000000D)
    __rt_lib_init_rand_1                     0x00000309   Thumb Code     0  libinit2.o(.ARM.Collect$$libinit$$0000000C)
    __rt_lib_init_lc_collate_1               0x0000030f   Thumb Code     0  libinit2.o(.ARM.Collect$$libinit$$0000000F)
    __rt_lib_init_lc_ctype_1                 0x0000030f   Thumb Code     0  libinit2.o(.ARM.Collect$$libinit$$00000011)
    __rt_lib_init_lc_monetary_1              0x0000030f   Thumb Code     0  libinit2.o(.ARM.Collect$$libinit$$00000013)
    __rt_lib_init_lc_numeric_2               0x0000030f   Thumb Code     0  libinit2.o(.ARM.Collect$$libinit$$00000014)
    __rt_lib_init_alloca_1                   0x00000319   Thumb Code     0  libinit2.o(.ARM.Collect$$libinit$$0000002C)
    __rt_lib_init_argv_1                     0x00000319   Thumb Code     0  libinit2.o(.ARM.Collect$$libinit$$0000002A)
    __rt_lib_init_atexit_1                   0x00000319   Thumb Code     0  libinit2.o(.ARM.Collect$$libinit$$00000019)
    __rt_lib_init_clock_1                    0x00000319   Thumb Code     0  libinit2.o(.ARM.Collect$$libinit$$0000001F)
    __rt_lib_init_cpp_1                      0x00000319   Thumb Code     0  libinit2.o(.ARM.Collect$$libinit$$00000030)
    __rt_lib_init_exceptions_1               0x00000319   Thumb Code     0  libinit2.o(.ARM.Collect$$libinit$$0000002E)
    __rt_lib_init_fp_trap_1                  0x00000319   Thumb Code     0  libinit2.o(.ARM.Collect$$libinit$$0000001D)
    __rt_lib_init_getenv_1                   0x00000319   Thumb Code     0  libinit2.o(.ARM.Collect$$libinit$$00000021)
    __rt_lib_init_lc_numeric_1               0x00000319   Thumb Code     0  libinit2.o(.ARM.Collect$$libinit$$00000015)
    __rt_lib_init_lc_time_1                  0x00000319   Thumb Code     0  libinit2.o(.ARM.Collect$$libinit$$00000017)
    __rt_lib_init_return                     0x00000319   Thumb Code     0  libinit2.o(.ARM.Collect$$libinit$$00000031)
    __rt_lib_init_signal_1                   0x00000319   Thumb Code     0  libinit2.o(.ARM.Collect$$libinit$$0000001B)
    __rt_lib_init_stdio_1                    0x00000319   Thumb Code     0  libinit2.o(.ARM.Collect$$libinit$$00000023)
    __rt_lib_shutdown                        0x0000031b   Thumb Code     0  libshutdown.o(.ARM.Collect$$libshutdown$$00000000)
    __rt_lib_shutdown_fp_trap_1              0x0000031d   Thumb Code     0  libshutdown2.o(.ARM.Collect$$libshutdown$$00000006)
    __rt_lib_shutdown_heap_1                 0x0000031d   Thumb Code     0  libshutdown2.o(.ARM.Collect$$libshutdown$$0000000E)
    __rt_lib_shutdown_return                 0x0000031d   Thumb Code     0  libshutdown2.o(.ARM.Collect$$libshutdown$$0000000F)
    __rt_lib_shutdown_signal_1               0x0000031d   Thumb Code     0  libshutdown2.o(.ARM.Collect$$libshutdown$$00000009)
    __rt_lib_shutdown_stdio_1                0x0000031d   Thumb Code     0  libshutdown2.o(.ARM.Collect$$libshutdown$$00000003)
    __rt_lib_shutdown_user_alloc_1           0x0000031d   Thumb Code     0  libshutdown2.o(.ARM.Collect$$libshutdown$$0000000B)
    __rt_entry                               0x0000031f   Thumb Code     0  rtentry.o(.ARM.Collect$$rtentry$$00000000)
    __rt_entry_presh_1                       0x0000031f   Thumb Code     0  rtentry2.o(.ARM.Collect$$rtentry$$00000002)
    __rt_entry_sh                            0x0000031f   Thumb Code     0  rtentry4.o(.ARM.Collect$$rtentry$$00000004)
    __rt_entry_li                            0x00000325   Thumb Code     0  rtentry2.o(.ARM.Collect$$rtentry$$0000000A)
    __rt_entry_postsh_1                      0x00000325   Thumb Code     0  rtentry2.o(.ARM.Collect$$rtentry$$00000009)
    __rt_entry_main                          0x00000329   Thumb Code     0  rtentry2.o(.ARM.Collect$$rtentry$$0000000D)
    __rt_entry_postli_1                      0x00000329   Thumb Code     0  rtentry2.o(.ARM.Collect$$rtentry$$0000000C)
    __rt_exit                                0x00000331   Thumb Code     0  rtexit.o(.ARM.Collect$$rtexit$$00000000)
    __rt_exit_ls                             0x00000333   Thumb Code     0  rtexit2.o(.ARM.Collect$$rtexit$$00000003)
    __rt_exit_prels_1                        0x00000333   Thumb Code     0  rtexit2.o(.ARM.Collect$$rtexit$$00000002)
    __rt_exit_exit                           0x00000337   Thumb Code     0  rtexit2.o(.ARM.Collect$$rtexit$$00000004)
    rand                                     0x0000033d   Thumb Code    48  rand.o(.emb_text)
    DisableInterrupts                        0x00000371   Thumb Code     0  startup.o(.text)
    EnableInterrupts                         0x00000375   Thumb Code     0  startup.o(.text)
    StartCritical                            0x00000379   Thumb Code     0  startup.o(.text)
    EndCritical                              0x00000381   Thumb Code     0  startup.o(.text)
    WaitForInterrupt                         0x00000387   Thumb Code     0  startup.o(.text)
    __user_initial_stackheap                 0x0000038b   Thumb Code     0  startup.o(.text)
    Random_Init                              0x000003a1   Thumb Code     0  random.o(.text)
    Random32                                 0x000003ab   Thumb Code     2  random.o(.text)
    Random                                   0x000003bd   Thumb Code     2  random.o(.text)
    __2sprintf                               0x000003e1   Thumb Code    34  noretval__2sprintf.o(.text)
    __printf                                 0x00000409   Thumb Code   270  __printf_wp.o(.text)
    srand                                    0x00000519   Thumb Code    42  rand.o(.text)
    _rand_init                               0x00000543   Thumb Code     4  rand.o(.text)
    __use_two_region_memory                  0x00000555   Thumb Code     2  heapauxi.o(.text)
    __rt_heap_escrow$2region                 0x00000557   Thumb Code     2  heapauxi.o(.text)
    __rt_heap_expand$2region                 0x00000559   Thumb Code     2  heapauxi.o(.text)
    __lib_sel_fp_printf                      0x0000055b   Thumb Code     2  _printf_fp_dec.o(.text)
    _printf_fp_dec_real                      0x00000707   Thumb Code   628  _printf_fp_dec.o(.text)
    _printf_char_common                      0x00000987   Thumb Code    32  _printf_char_common.o(.text)
    _sputc                                   0x000009ad   Thumb Code    10  _sputc.o(.text)
    __rt_locale                              0x000009b9   Thumb Code     8  rt_locale_intlibspace.o(.text)
    _ll_udiv10                               0x000009c1   Thumb Code   138  lludiv10.o(.text)
    _printf_fp_infnan                        0x00000a4d   Thumb Code   112  _printf_fp_infnan.o(.text)
    _btod_etento                             0x00000acd   Thumb Code   222  bigflt0.o(.text)
    __user_libspace                          0x00000bb1   Thumb Code     8  libspace.o(.text)
    __user_perproc_libspace                  0x00000bb1   Thumb Code     0  libspace.o(.text)
    __user_perthread_libspace                0x00000bb1   Thumb Code     0  libspace.o(.text)
    __user_setup_stackheap                   0x00000bb9   Thumb Code    74  sys_stackheap_outer.o(.text)
    exit                                     0x00000c03   Thumb Code    12  exit.o(.text)
    strcmp                                   0x00000c11   Thumb Code   128  strcmpv7m.o(.text)
    __I$use$semihosting                      0x00000c91   Thumb Code     0  use_no_semi.o(.text)
    __use_no_semihosting_swi                 0x00000c91   Thumb Code     2  use_no_semi.o(.text)
    __semihosting_library_function           0x00000c93   Thumb Code     0  indicate_semi.o(.text)
    _sys_exit                                0x00000c95   Thumb Code     8  sys_exit.o(.text)
    _btod_d2e                                0x00000ca1   Thumb Code    62  btod.o(CL$$btod_d2e)
    _d2e_denorm_low                          0x00000cdf   Thumb Code    70  btod.o(CL$$btod_d2e_denorm_low)
    _d2e_norm_op1                            0x00000d25   Thumb Code    96  btod.o(CL$$btod_d2e_norm_op1)
    __btod_div_common                        0x00000d85   Thumb Code   696  btod.o(CL$$btod_div_common)
    _e2e                                     0x000010bd   Thumb Code   198  btod.o(CL$$btod_e2e)
    _btod_ediv                               0x00001183   Thumb Code    40  btod.o(CL$$btod_ediv)
    _btod_emul                               0x000011ab   Thumb Code    40  btod.o(CL$$btod_emul)
    __btod_mult_common                       0x000011d3   Thumb Code   580  btod.o(CL$$btod_mult_common)
    ADC0_Init                                0x00001419   Thumb Code   100  spaceinvaders.o(i.ADC0_Init)
    ADC1_In                                  0x00001491   Thumb Code     6  texas.o(i.ADC1_In)
    ADC1_Init                                0x0000149d   Thumb Code   174  texas.o(i.ADC1_Init)
    ADC_Init                                 0x00001571   Thumb Code   174  spaceinvaders.o(i.ADC_Init)
    AdjustGameSpeed                          0x00001645   Thumb Code    78  spaceinvaders.o(i.AdjustGameSpeed)
    GPIOPortB_Handler                        0x000016ad   Thumb Code    78  spaceinvaders.o(i.GPIOPortB_Handler)
    GPIOPortF_Handler                        0x0000170d   Thumb Code    40  spaceinvaders.o(i.GPIOPortF_Handler)
    GetTemperature                           0x0000173d   Thumb Code   100  spaceinvaders.o(i.GetTemperature)
    Nokia5110_Clear                          0x000017c5   Thumb Code    32  nokia5110.o(i.Nokia5110_Clear)
    Nokia5110_ClearBuffer                    0x000017e5   Thumb Code    20  nokia5110.o(i.Nokia5110_ClearBuffer)
    Nokia5110_DisplayBuffer                  0x000017fd   Thumb Code    10  nokia5110.o(i.Nokia5110_DisplayBuffer)
    Nokia5110_DrawFullImage                  0x0000180d   Thumb Code    34  nokia5110.o(i.Nokia5110_DrawFullImage)
    Nokia5110_Init                           0x00001831   Thumb Code   316  nokia5110.o(i.Nokia5110_Init)
    Nokia5110_OutChar                        0x0000199d   Thumb Code    52  nokia5110.o(i.Nokia5110_OutChar)
    Nokia5110_OutString                      0x000019d5   Thumb Code    22  nokia5110.o(i.Nokia5110_OutString)
    Nokia5110_OutUDec                        0x000019ed   Thumb Code   394  nokia5110.o(i.Nokia5110_OutUDec)
    Nokia5110_PrintBMP                       0x00001b89   Thumb Code   420  nokia5110.o(i.Nokia5110_PrintBMP)
    Nokia5110_SetCursor                      0x00001d31   Thumb Code    48  nokia5110.o(i.Nokia5110_SetCursor)
    PLL_Init                                 0x00001d61   Thumb Code   118  texas.o(i.PLL_Init)
    PortB_Init                               0x00001ddd   Thumb Code   222  spaceinvaders.o(i.PortB_Init)
    PortE_Init                               0x00001ee9   Thumb Code    62  spaceinvaders.o(i.PortE_Init)
    PortF_Init                               0x00001f35   Thumb Code   220  spaceinvaders.o(i.PortF_Init)
    SetCode                                  0x00002041   Thumb Code    20  texas.o(i.SetCode)
    SetCourse                                0x00002059   Thumb Code    20  texas.o(i.SetCourse)
    TExaS_Init                               0x00002071   Thumb Code   324  texas.o(i.TExaS_Init)
    Timer2A_Handler                          0x00002235   Thumb Code   312  spaceinvaders.o(i.Timer2A_Handler)
    Timer2_Init                              0x000023b5   Thumb Code   118  spaceinvaders.o(i.Timer2_Init)
    Timer4A_Handler                          0x0000243d   Thumb Code    20  texas.o(i.Timer4A_Handler)
    Timer5A_Handler                          0x0000245d   Thumb Code    34  texas.o(i.Timer5A_Handler)
    UART0_Init                               0x0000248d   Thumb Code   160  texas.o(i.UART0_Init)
    __ARM_fpclassify                         0x0000254d   Thumb Code    40  fpclassify.o(i.__ARM_fpclassify)
    _is_digit                                0x00002575   Thumb Code    14  __printf_wp.o(i._is_digit)
    getPotentiometerReading                  0x00002585   Thumb Code   110  spaceinvaders.o(i.getPotentiometerReading)
    main                                     0x00002669   Thumb Code   362  spaceinvaders.o(i.main)
    _get_lc_numeric                          0x00002865   Thumb Code    44  lc_numeric_c.o(locale$$code)
    __aeabi_dadd                             0x00002891   Thumb Code     0  daddsub_clz.o(x$fpl$dadd)
    _dadd                                    0x00002891   Thumb Code   332  daddsub_clz.o(x$fpl$dadd)
    __aeabi_ddiv                             0x000029e1   Thumb Code     0  ddiv.o(x$fpl$ddiv)
    _ddiv                                    0x000029e1   Thumb Code   552  ddiv.o(x$fpl$ddiv)
    __aeabi_d2iz                             0x00002c91   Thumb Code     0  dfix.o(x$fpl$dfix)
    _dfix                                    0x00002c91   Thumb Code    94  dfix.o(x$fpl$dfix)
    __aeabi_i2d                              0x00002cef   Thumb Code     0  dflt_clz.o(x$fpl$dflt)
    _dflt                                    0x00002cef   Thumb Code    46  dflt_clz.o(x$fpl$dflt)
    __aeabi_dmul                             0x00002d1d   Thumb Code     0  dmul.o(x$fpl$dmul)
    _dmul                                    0x00002d1d   Thumb Code   332  dmul.o(x$fpl$dmul)
    __fpl_dnaninf                            0x00002e71   Thumb Code   156  dnaninf.o(x$fpl$dnaninf)
    __fpl_dretinf                            0x00002f0d   Thumb Code    12  dretinf.o(x$fpl$dretinf)
    __aeabi_drsub                            0x00002f19   Thumb Code     0  daddsub_clz.o(x$fpl$drsb)
    _drsb                                    0x00002f19   Thumb Code    22  daddsub_clz.o(x$fpl$drsb)
    __aeabi_dsub                             0x00002f31   Thumb Code     0  daddsub_clz.o(x$fpl$dsub)
    _dsub                                    0x00002f31   Thumb Code   464  daddsub_clz.o(x$fpl$dsub)
    _printf_fp_dec                           0x00003105   Thumb Code     4  printf1.o(x$fpl$printf1)
    __I$use$fp                               0x00003108   Number         0  usenofp.o(x$fpl$usenofp)
    car                                      0x000034c8   Data         199  spaceinvaders.o(.constdata)
    enemy                                    0x0000358f   Data         199  spaceinvaders.o(.constdata)
    NoInputMsg                               0x00003656   Data          40  texas.o(.constdata)
    OutputPortMsg0                           0x0000367e   Data          40  texas.o(.constdata)
    OutputPortMsg1                           0x000036a6   Data          40  texas.o(.constdata)
    OutputPortMsg2                           0x000036ce   Data          40  texas.o(.constdata)
    OutputPortMsg3                           0x000036f6   Data          40  texas.o(.constdata)
    BlankMsg                                 0x0000371e   Data          40  texas.o(.constdata)
    InitializedMsg                           0x00003746   Data          40  texas.o(.constdata)
    IntroMsg                                 0x0000376e   Data          40  texas.o(.constdata)
    DoneMsg                                  0x00003796   Data          40  texas.o(.constdata)
    Region$$Table$$Base                      0x00003854   Number         0  anon$$obj.o(Region$$Table)
    Region$$Table$$Limit                     0x00003874   Number         0  anon$$obj.o(Region$$Table)
    currentTemperature                       0x20000000   Data           8  spaceinvaders.o(.data)
    range                                    0x20000008   Data           4  spaceinvaders.o(.data)
    tempRange                                0x2000000c   Data           4  spaceinvaders.o(.data)
    currentSpeed                             0x20000010   Data           4  spaceinvaders.o(.data)
    gamePeriod                               0x20000014   Data           4  spaceinvaders.o(.data)
    gameOver                                 0x20000018   Data           4  spaceinvaders.o(.data)
    playerx                                  0x2000001c   Data           4  spaceinvaders.o(.data)
    playerH                                  0x20000020   Data           4  spaceinvaders.o(.data)
    screen_width                             0x20000024   Data           4  spaceinvaders.o(.data)
    screenH                                  0x20000028   Data           4  spaceinvaders.o(.data)
    tracks                                   0x2000002c   Data          12  spaceinvaders.o(.data)
    f1                                       0x20000038   Data           4  spaceinvaders.o(.data)
    f2                                       0x2000003c   Data           4  spaceinvaders.o(.data)
    start                                    0x20000040   Data           4  spaceinvaders.o(.data)
    temp                                     0x20000044   Data           4  spaceinvaders.o(.data)
    volt                                     0x20000048   Data           8  spaceinvaders.o(.data)
    Temp                                     0x20000050   Data           8  spaceinvaders.o(.data)
    TimerCount                               0x20000058   Data           4  spaceinvaders.o(.data)
    Semaphore                                0x2000005c   Data           4  spaceinvaders.o(.data)
    playery                                  0x20000060   Data           4  spaceinvaders.o(.data)
    enemyY1                                  0x20000064   Data           4  spaceinvaders.o(.data)
    enemyx2w                                 0x20000068   Data           4  spaceinvaders.o(.data)
    enemyMove                                0x2000006c   Data           4  spaceinvaders.o(.data)
    enemyMove1                               0x20000070   Data           4  spaceinvaders.o(.data)
    score                                    0x20000074   Data           4  spaceinvaders.o(.data)
    result                                   0x20000078   Data           4  spaceinvaders.o(.data)
    TExaS_Period                             0x2000007c   Data           4  texas.o(.data)
    TExaS_Ports                              0x20000080   Data           8  texas.o(.data)
    Display                                  0x20000088   Data           1  texas.o(.data)
    TExaS_Meter                              0x2000008c   Data           4  texas.o(.data)
    ADCnum                                   0x20000090   Data           4  texas.o(.data)
    LastMode                                 0x20000094   Data           4  texas.o(.data)
    bFlag                                    0x20000098   Data           4  texas.o(.data)
    Count                                    0x2000009c   Data           4  texas.o(.data)
    DelayBetweenTests                        0x200000a0   Data           4  texas.o(.data)
    TExaS_Test                               0x200000a4   Data           4  texas.o(.data)
    ScopeMode                                0x200000a8   Data           4  texas.o(.data)
    ScopeCount                               0x200000ac   Data           4  texas.o(.data)
    Screen                                   0x200000b4   Data         504  nokia5110.o(.bss)
    buffer                                   0x200002ac   Data          20  spaceinvaders.o(.bss)
    TExaS                                    0x200002c0   Data          56  texas.o(.bss)
    _random_number_data                      0x200002f8   Data         228  rand.o(.bss)
    __libspace_start                         0x200003dc   Data          96  libspace.o(.bss)
    __temporary_stack_top$libspace           0x2000043c   Data           0  libspace.o(.bss)



==============================================================================

Memory Map of the image

  Image Entry point : 0x0000026d

  Load Region LR_1 (Base: 0x00000000, Size: 0x00003944, Max: 0xffffffff, ABSOLUTE)

    Execution Region ER_RO (Base: 0x00000000, Size: 0x00003890, Max: 0xffffffff, ABSOLUTE)

    Base Addr    Size         Type   Attr      Idx    E Section Name        Object

    0x00000000   0x00000284   Code   RO            3  * RESET               startup.o
    0x00000284   0x00000008   Code   RO          360  * !!!main             c_w.l(__main.o)
    0x0000028c   0x00000034   Code   RO          595    !!!scatter          c_w.l(__scatter.o)
    0x000002c0   0x0000001a   Code   RO          597    !!handler_copy      c_w.l(__scatter_copy.o)
    0x000002da   0x00000002   PAD
    0x000002dc   0x0000001c   Code   RO          599    !!handler_zi        c_w.l(__scatter_zi.o)
    0x000002f8   0x00000000   Code   RO          352    .ARM.Collect$$_printf_percent$$00000000  c_w.l(_printf_percent.o)
    0x000002f8   0x00000006   Code   RO          351    .ARM.Collect$$_printf_percent$$00000003  c_w.l(_printf_f.o)
    0x000002fe   0x00000004   Code   RO          393    .ARM.Collect$$_printf_percent$$00000017  c_w.l(_printf_percent_end.o)
    0x00000302   0x00000002   Code   RO          522    .ARM.Collect$$libinit$$00000000  c_w.l(libinit.o)
    0x00000304   0x00000000   Code   RO          395    .ARM.Collect$$libinit$$00000002  c_w.l(libinit2.o)
    0x00000304   0x00000000   Code   RO          398    .ARM.Collect$$libinit$$00000008  c_w.l(libinit2.o)
    0x00000304   0x00000000   Code   RO          400    .ARM.Collect$$libinit$$0000000A  c_w.l(libinit2.o)
    0x00000304   0x00000004   Code   RO          401    .ARM.Collect$$libinit$$0000000B  c_w.l(libinit2.o)
    0x00000308   0x00000000   Code   RO          402    .ARM.Collect$$libinit$$0000000C  c_w.l(libinit2.o)
    0x00000308   0x00000006   Code   RO          403    .ARM.Collect$$libinit$$0000000D  c_w.l(libinit2.o)
    0x0000030e   0x00000000   Code   RO          405    .ARM.Collect$$libinit$$0000000F  c_w.l(libinit2.o)
    0x0000030e   0x00000000   Code   RO          407    .ARM.Collect$$libinit$$00000011  c_w.l(libinit2.o)
    0x0000030e   0x00000000   Code   RO          409    .ARM.Collect$$libinit$$00000013  c_w.l(libinit2.o)
    0x0000030e   0x0000000a   Code   RO          410    .ARM.Collect$$libinit$$00000014  c_w.l(libinit2.o)
    0x00000318   0x00000000   Code   RO          411    .ARM.Collect$$libinit$$00000015  c_w.l(libinit2.o)
    0x00000318   0x00000000   Code   RO          413    .ARM.Collect$$libinit$$00000017  c_w.l(libinit2.o)
    0x00000318   0x00000000   Code   RO          415    .ARM.Collect$$libinit$$00000019  c_w.l(libinit2.o)
    0x00000318   0x00000000   Code   RO          417    .ARM.Collect$$libinit$$0000001B  c_w.l(libinit2.o)
    0x00000318   0x00000000   Code   RO          419    .ARM.Collect$$libinit$$0000001D  c_w.l(libinit2.o)
    0x00000318   0x00000000   Code   RO          421    .ARM.Collect$$libinit$$0000001F  c_w.l(libinit2.o)
    0x00000318   0x00000000   Code   RO          423    .ARM.Collect$$libinit$$00000021  c_w.l(libinit2.o)
    0x00000318   0x00000000   Code   RO          425    .ARM.Collect$$libinit$$00000023  c_w.l(libinit2.o)
    0x00000318   0x00000000   Code   RO          429    .ARM.Collect$$libinit$$0000002A  c_w.l(libinit2.o)
    0x00000318   0x00000000   Code   RO          431    .ARM.Collect$$libinit$$0000002C  c_w.l(libinit2.o)
    0x00000318   0x00000000   Code   RO          433    .ARM.Collect$$libinit$$0000002E  c_w.l(libinit2.o)
    0x00000318   0x00000000   Code   RO          435    .ARM.Collect$$libinit$$00000030  c_w.l(libinit2.o)
    0x00000318   0x00000002   Code   RO          436    .ARM.Collect$$libinit$$00000031  c_w.l(libinit2.o)
    0x0000031a   0x00000002   Code   RO          557    .ARM.Collect$$libshutdown$$00000000  c_w.l(libshutdown.o)
    0x0000031c   0x00000000   Code   RO          564    .ARM.Collect$$libshutdown$$00000003  c_w.l(libshutdown2.o)
    0x0000031c   0x00000000   Code   RO          567    .ARM.Collect$$libshutdown$$00000006  c_w.l(libshutdown2.o)
    0x0000031c   0x00000000   Code   RO          570    .ARM.Collect$$libshutdown$$00000009  c_w.l(libshutdown2.o)
    0x0000031c   0x00000000   Code   RO          572    .ARM.Collect$$libshutdown$$0000000B  c_w.l(libshutdown2.o)
    0x0000031c   0x00000000   Code   RO          575    .ARM.Collect$$libshutdown$$0000000E  c_w.l(libshutdown2.o)
    0x0000031c   0x00000002   Code   RO          576    .ARM.Collect$$libshutdown$$0000000F  c_w.l(libshutdown2.o)
    0x0000031e   0x00000000   Code   RO          386    .ARM.Collect$$rtentry$$00000000  c_w.l(rtentry.o)
    0x0000031e   0x00000000   Code   RO          443    .ARM.Collect$$rtentry$$00000002  c_w.l(rtentry2.o)
    0x0000031e   0x00000006   Code   RO          455    .ARM.Collect$$rtentry$$00000004  c_w.l(rtentry4.o)
    0x00000324   0x00000000   Code   RO          445    .ARM.Collect$$rtentry$$00000009  c_w.l(rtentry2.o)
    0x00000324   0x00000004   Code   RO          446    .ARM.Collect$$rtentry$$0000000A  c_w.l(rtentry2.o)
    0x00000328   0x00000000   Code   RO          448    .ARM.Collect$$rtentry$$0000000C  c_w.l(rtentry2.o)
    0x00000328   0x00000008   Code   RO          449    .ARM.Collect$$rtentry$$0000000D  c_w.l(rtentry2.o)
    0x00000330   0x00000002   Code   RO          525    .ARM.Collect$$rtexit$$00000000  c_w.l(rtexit.o)
    0x00000332   0x00000000   Code   RO          537    .ARM.Collect$$rtexit$$00000002  c_w.l(rtexit2.o)
    0x00000332   0x00000004   Code   RO          538    .ARM.Collect$$rtexit$$00000003  c_w.l(rtexit2.o)
    0x00000336   0x00000006   Code   RO          539    .ARM.Collect$$rtexit$$00000004  c_w.l(rtexit2.o)
    0x0000033c   0x00000034   Code   RO          353    .emb_text           c_w.l(rand.o)
    0x00000370   0x00000030   Code   RO            4    .text               startup.o
    0x000003a0   0x00000040   Code   RO           92    .text               random.o
    0x000003e0   0x00000028   Code   RO          327    .text               c_w.l(noretval__2sprintf.o)
    0x00000408   0x0000010e   Code   RO          339    .text               c_w.l(__printf_wp.o)
    0x00000516   0x00000002   PAD
    0x00000518   0x0000003c   Code   RO          354    .text               c_w.l(rand.o)
    0x00000554   0x00000006   Code   RO          358    .text               c_w.l(heapauxi.o)
    0x0000055a   0x00000420   Code   RO          387    .text               c_w.l(_printf_fp_dec.o)
    0x0000097a   0x00000002   PAD
    0x0000097c   0x00000030   Code   RO          389    .text               c_w.l(_printf_char_common.o)
    0x000009ac   0x0000000a   Code   RO          391    .text               c_w.l(_sputc.o)
    0x000009b6   0x00000002   PAD
    0x000009b8   0x00000008   Code   RO          460    .text               c_w.l(rt_locale_intlibspace.o)
    0x000009c0   0x0000008a   Code   RO          462    .text               c_w.l(lludiv10.o)
    0x00000a4a   0x00000002   PAD
    0x00000a4c   0x00000080   Code   RO          464    .text               c_w.l(_printf_fp_infnan.o)
    0x00000acc   0x000000e4   Code   RO          468    .text               c_w.l(bigflt0.o)
    0x00000bb0   0x00000008   Code   RO          504    .text               c_w.l(libspace.o)
    0x00000bb8   0x0000004a   Code   RO          507    .text               c_w.l(sys_stackheap_outer.o)
    0x00000c02   0x0000000c   Code   RO          509    .text               c_w.l(exit.o)
    0x00000c0e   0x00000002   PAD
    0x00000c10   0x00000080   Code   RO          511    .text               c_w.l(strcmpv7m.o)
    0x00000c90   0x00000002   Code   RO          533    .text               c_w.l(use_no_semi.o)
    0x00000c92   0x00000000   Code   RO          535    .text               c_w.l(indicate_semi.o)
    0x00000c92   0x00000002   PAD
    0x00000c94   0x0000000c   Code   RO          549    .text               c_w.l(sys_exit.o)
    0x00000ca0   0x0000003e   Code   RO          471    CL$$btod_d2e        c_w.l(btod.o)
    0x00000cde   0x00000046   Code   RO          473    CL$$btod_d2e_denorm_low  c_w.l(btod.o)
    0x00000d24   0x00000060   Code   RO          472    CL$$btod_d2e_norm_op1  c_w.l(btod.o)
    0x00000d84   0x00000338   Code   RO          481    CL$$btod_div_common  c_w.l(btod.o)
    0x000010bc   0x000000c6   Code   RO          478    CL$$btod_e2e        c_w.l(btod.o)
    0x00001182   0x00000028   Code   RO          475    CL$$btod_ediv       c_w.l(btod.o)
    0x000011aa   0x00000028   Code   RO          474    CL$$btod_emul       c_w.l(btod.o)
    0x000011d2   0x00000244   Code   RO          480    CL$$btod_mult_common  c_w.l(btod.o)
    0x00001416   0x00000002   PAD
    0x00001418   0x00000078   Code   RO           95    i.ADC0_Init         spaceinvaders.o
    0x00001490   0x0000000c   Code   RO          204    i.ADC1_In           texas.o
    0x0000149c   0x000000d4   Code   RO          205    i.ADC1_Init         texas.o
    0x00001570   0x000000d4   Code   RO           96    i.ADC_Init          spaceinvaders.o
    0x00001644   0x00000068   Code   RO           97    i.AdjustGameSpeed   spaceinvaders.o
    0x000016ac   0x00000060   Code   RO           99    i.GPIOPortB_Handler  spaceinvaders.o
    0x0000170c   0x00000030   Code   RO          100    i.GPIOPortF_Handler  spaceinvaders.o
    0x0000173c   0x00000088   Code   RO          101    i.GetTemperature    spaceinvaders.o
    0x000017c4   0x00000020   Code   RO           12    i.Nokia5110_Clear   nokia5110.o
    0x000017e4   0x00000018   Code   RO           13    i.Nokia5110_ClearBuffer  nokia5110.o
    0x000017fc   0x00000010   Code   RO           14    i.Nokia5110_DisplayBuffer  nokia5110.o
    0x0000180c   0x00000022   Code   RO           15    i.Nokia5110_DrawFullImage  nokia5110.o
    0x0000182e   0x00000002   PAD
    0x00001830   0x0000016c   Code   RO           16    i.Nokia5110_Init    nokia5110.o
    0x0000199c   0x00000038   Code   RO           17    i.Nokia5110_OutChar  nokia5110.o
    0x000019d4   0x00000016   Code   RO           18    i.Nokia5110_OutString  nokia5110.o
    0x000019ea   0x00000002   PAD
    0x000019ec   0x0000019c   Code   RO           19    i.Nokia5110_OutUDec  nokia5110.o
    0x00001b88   0x000001a8   Code   RO           20    i.Nokia5110_PrintBMP  nokia5110.o
    0x00001d30   0x00000030   Code   RO           21    i.Nokia5110_SetCursor  nokia5110.o
    0x00001d60   0x0000007c   Code   RO          206    i.PLL_Init          texas.o
    0x00001ddc   0x0000010c   Code   RO          102    i.PortB_Init        spaceinvaders.o
    0x00001ee8   0x0000004c   Code   RO          103    i.PortE_Init        spaceinvaders.o
    0x00001f34   0x0000010c   Code   RO          104    i.PortF_Init        spaceinvaders.o
    0x00002040   0x00000018   Code   RO          207    i.SetCode           texas.o
    0x00002058   0x00000018   Code   RO          208    i.SetCourse         texas.o
    0x00002070   0x000001c4   Code   RO          212    i.TExaS_Init        texas.o
    0x00002234   0x00000180   Code   RO          105    i.Timer2A_Handler   spaceinvaders.o
    0x000023b4   0x00000088   Code   RO          106    i.Timer2_Init       spaceinvaders.o
    0x0000243c   0x00000020   Code   RO          214    i.Timer4A_Handler   texas.o
    0x0000245c   0x00000030   Code   RO          215    i.Timer5A_Handler   texas.o
    0x0000248c   0x000000c0   Code   RO          218    i.UART0_Init        texas.o
    0x0000254c   0x00000028   Code   RO          502    i.__ARM_fpclassify  m_ws.l(fpclassify.o)
    0x00002574   0x0000000e   Code   RO          341    i._is_digit         c_w.l(__printf_wp.o)
    0x00002582   0x00000002   PAD
    0x00002584   0x00000098   Code   RO          107    i.getPotentiometerReading  spaceinvaders.o
    0x0000261c   0x0000004c   Code   RO           22    i.lcdwrite          nokia5110.o
    0x00002668   0x000001fc   Code   RO          108    i.main              spaceinvaders.o
    0x00002864   0x0000002c   Code   RO          494    locale$$code        c_w.l(lc_numeric_c.o)
    0x00002890   0x00000150   Code   RO          362    x$fpl$dadd          fz_ws.l(daddsub_clz.o)
    0x000029e0   0x000002b0   Code   RO          369    x$fpl$ddiv          fz_ws.l(ddiv.o)
    0x00002c90   0x0000005e   Code   RO          372    x$fpl$dfix          fz_ws.l(dfix.o)
    0x00002cee   0x0000002e   Code   RO          377    x$fpl$dflt          fz_ws.l(dflt_clz.o)
    0x00002d1c   0x00000154   Code   RO          382    x$fpl$dmul          fz_ws.l(dmul.o)
    0x00002e70   0x0000009c   Code   RO          437    x$fpl$dnaninf       fz_ws.l(dnaninf.o)
    0x00002f0c   0x0000000c   Code   RO          439    x$fpl$dretinf       fz_ws.l(dretinf.o)
    0x00002f18   0x00000016   Code   RO          363    x$fpl$drsb          fz_ws.l(daddsub_clz.o)
    0x00002f2e   0x00000002   PAD
    0x00002f30   0x000001d4   Code   RO          364    x$fpl$dsub          fz_ws.l(daddsub_clz.o)
    0x00003104   0x00000004   Code   RO          384    x$fpl$printf1       fz_ws.l(printf1.o)
    0x00003108   0x00000000   Code   RO          441    x$fpl$usenofp       fz_ws.l(usenofp.o)
    0x00003108   0x000001e0   Data   RO           24    .constdata          nokia5110.o
    0x000032e8   0x0000036e   Data   RO          110    .constdata          spaceinvaders.o
    0x00003656   0x00000168   Data   RO          223    .constdata          texas.o
    0x000037be   0x00000002   PAD
    0x000037c0   0x00000094   Data   RO          469    .constdata          c_w.l(bigflt0.o)
    0x00003854   0x00000020   Data   RO          593    Region$$Table       anon$$obj.o
    0x00003874   0x0000001c   Data   RO          493    locale$$data        c_w.l(lc_numeric_c.o)


    Execution Region ER_RW (Base: 0x20000000, Size: 0x000000b4, Max: 0xffffffff, ABSOLUTE)

    Base Addr    Size         Type   Attr      Idx    E Section Name        Object

    0x20000000   0x0000007c   Data   RW          111    .data               spaceinvaders.o
    0x2000007c   0x00000034   Data   RW          224    .data               texas.o
    0x200000b0   0x00000004   Data   RW           91    DATA                random.o


    Execution Region ER_ZI (Base: 0x200000b4, Size: 0x0000078c, Max: 0xffffffff, ABSOLUTE)

    Base Addr    Size         Type   Attr      Idx    E Section Name        Object

    0x200000b4   0x000001f8   Zero   RW           23    .bss                nokia5110.o
    0x200002ac   0x00000014   Zero   RW          109    .bss                spaceinvaders.o
    0x200002c0   0x00000038   Zero   RW          222    .bss                texas.o
    0x200002f8   0x000000e4   Zero   RW          355    .bss                c_w.l(rand.o)
    0x200003dc   0x00000060   Zero   RW          505    .bss                c_w.l(libspace.o)
    0x2000043c   0x00000004   PAD
    0x20000440   0x00000000   Zero   RW            2    HEAP                startup.o
    0x20000440   0x00000400   Zero   RW            1    STACK               startup.o


==============================================================================

Image component sizes


      Code (inc. data)   RO Data    RW Data    ZI Data      Debug   Object Name

      1508         94        480          0        504       9105   nokia5110.o
        64         14          0          4          0        184   random.o
      2508        532        878        124         20       7928   spaceinvaders.o
       692        632          0          0       1024        868   startup.o
      1120        244        360         52         56      15408   texas.o

    ----------------------------------------------------------------------
      5896       1516       1752        180       1604      33493   Object Totals
         0          0         32          0          0          0   (incl. Generated)
         4          0          2          0          0          0   (incl. Padding)

    ----------------------------------------------------------------------

      Code (inc. data)   RO Data    RW Data    ZI Data      Debug   Library Member Name

         8          0          0          0          0         68   __main.o
       284          0          0          0          0        156   __printf_wp.o
        52          8          0          0          0          0   __scatter.o
        26          0          0          0          0          0   __scatter_copy.o
        28          0          0          0          0          0   __scatter_zi.o
        48          6          0          0          0         96   _printf_char_common.o
         6          0          0          0          0          0   _printf_f.o
      1056          0          0          0          0        216   _printf_fp_dec.o
       128         16          0          0          0         84   _printf_fp_infnan.o
         0          0          0          0          0          0   _printf_percent.o
         4          0          0          0          0          0   _printf_percent_end.o
        10          0          0          0          0         68   _sputc.o
       228          6        148          0          0         96   bigflt0.o
      1910        128          0          0          0        672   btod.o
        12          0          0          0          0         72   exit.o
         6          0          0          0          0        152   heapauxi.o
         0          0          0          0          0          0   indicate_semi.o
        44         10         28          0          0         76   lc_numeric_c.o
         2          0          0          0          0          0   libinit.o
        22          0          0          0          0          0   libinit2.o
         2          0          0          0          0          0   libshutdown.o
         2          0          0          0          0          0   libshutdown2.o
         8          4          0          0         96         68   libspace.o
       138          0          0          0          0         80   lludiv10.o
        40          6          0          0          0         84   noretval__2sprintf.o
       112         18          0          0        228        160   rand.o
         8          4          0          0          0         68   rt_locale_intlibspace.o
         0          0          0          0          0          0   rtentry.o
        12          0          0          0          0          0   rtentry2.o
         6          0          0          0          0          0   rtentry4.o
         2          0          0          0          0          0   rtexit.o
        10          0          0          0          0          0   rtexit2.o
       128          0          0          0          0         68   strcmpv7m.o
        12          4          0          0          0         68   sys_exit.o
        74          0          0          0          0         80   sys_stackheap_outer.o
         2          0          0          0          0         68   use_no_semi.o
       826         16          0          0          0        348   daddsub_clz.o
       688        140          0          0          0        208   ddiv.o
        94          4          0          0          0         92   dfix.o
        46          0          0          0          0         68   dflt_clz.o
       340         12          0          0          0        104   dmul.o
       156          4          0          0          0         92   dnaninf.o
        12          0          0          0          0         68   dretinf.o
         4          0          0          0          0         68   printf1.o
         0          0          0          0          0          0   usenofp.o
        40          0          0          0          0         68   fpclassify.o

    ----------------------------------------------------------------------
      6656        386        176          0        328       3616   Library Totals
        20          0          0          0          4          0   (incl. Padding)

    ----------------------------------------------------------------------

      Code (inc. data)   RO Data    RW Data    ZI Data      Debug   Library Name

      4430        210        176          0        324       2500   c_w.l
      2166        176          0          0          0       1048   fz_ws.l
        40          0          0          0          0         68   m_ws.l

    ----------------------------------------------------------------------
      6656        386        176          0        328       3616   Library Totals

    ----------------------------------------------------------------------

==============================================================================


      Code (inc. data)   RO Data    RW Data    ZI Data      Debug   

     12552       1902       1928        180       1932      33521   Grand Totals
     12552       1902       1928        180       1932      33521   ELF Image Totals
     12552       1902       1928        180          0          0   ROM Totals

==============================================================================

    Total RO  Size (Code + RO Data)                14480 (  14.14kB)
    Total RW  Size (RW Data + ZI Data)              2112 (   2.06kB)
    Total ROM Size (Code + RO Data + RW Data)      14660 (  14.32kB)

==============================================================================

