<html>
<body>
<pre>
<h1>µVision Build Log</h1>
<h2>Project:</h2>
F:\embeddedProject\racing-game-tivac\SpaceInvaders.uvproj
Project File Date:  12/22/2024

<h2>Output:</h2>
Build target 'SpaceInvaders'
linking...
Program Size: Code=12552 RO-data=1928 RW-data=180 ZI-data=1932  
".\SpaceInvaders.axf" - 0 Error(s), 0 Warning(s).
</pre>
</body>
</html>
nking...
Program Size: Code=12552 RO-data=1928 RW-data=180 ZI-data=1932  
".\SpaceInvaders.axf" - 0 Error(s), 1 Warning(s).
=12552 RO-data=1928 RW-data=180 ZI-data=1932  
".\SpaceInvaders.axf" - 0 Error(s), 1 Warning(s).
